Component: ARM Compiler 5.06 update 4 (build 422) Tool: armlink [4d35d2]

==============================================================================

Section Cross References

    port.o(.emb_text) refers to tasks.o(i.vTaskSwitchContext) for vTaskSwitchContext
    port.o(.emb_text) refers to tasks.o(.data) for pxCurrentTCB
    port.o(i.prvTaskExitError) refers to port.o(.data) for .data
    port.o(i.pxPortInitialiseStack) refers to port.o(i.prvTaskExitError) for prvTaskExitError
    port.o(i.vPortEndScheduler) refers to port.o(.data) for .data
    port.o(i.vPortEnterCritical) refers to port.o(.data) for .data
    port.o(i.vPortExitCritical) refers to port.o(.data) for .data
    port.o(i.vPortSetupTimerInterrupt) refers to system_stm32f3xx.o(.data) for SystemCoreClock
    port.o(i.vPortValidateInterruptPriority) refers to port.o(.emb_text) for vPortGetIPSR
    port.o(i.vPortValidateInterruptPriority) refers to port.o(.data) for .data
    port.o(i.xPortStartScheduler) refers to port.o(i.vPortSetupTimerInterrupt) for vPortSetupTimerInterrupt
    port.o(i.xPortStartScheduler) refers to port.o(.emb_text) for __asm___6_port_c_39a90d8d__prvEnableVFP
    port.o(i.xPortStartScheduler) refers to port.o(.data) for .data
    port.o(i.xPortSysTickHandler) refers to tasks.o(i.xTaskIncrementTick) for xTaskIncrementTick
    cmsis_os.o(i.osDelay) refers to tasks.o(i.vTaskDelay) for vTaskDelay
    cmsis_os.o(i.osKernelRunning) refers to tasks.o(i.xTaskGetSchedulerState) for xTaskGetSchedulerState
    cmsis_os.o(i.osKernelStart) refers to tasks.o(i.vTaskStartScheduler) for vTaskStartScheduler
    cmsis_os.o(i.osKernelSysTick) refers to cmsis_os.o(i.inHandlerMode) for inHandlerMode
    cmsis_os.o(i.osKernelSysTick) refers to tasks.o(i.xTaskGetTickCountFromISR) for xTaskGetTickCountFromISR
    cmsis_os.o(i.osKernelSysTick) refers to tasks.o(i.xTaskGetTickCount) for xTaskGetTickCount
    cmsis_os.o(i.osMailAlloc) refers to cmsis_os.o(i.osPoolAlloc) for osPoolAlloc
    cmsis_os.o(i.osMailCAlloc) refers to cmsis_os.o(i.osMailAlloc) for osMailAlloc
    cmsis_os.o(i.osMailCreate) refers to heap_4.o(i.pvPortMalloc) for pvPortMalloc
    cmsis_os.o(i.osMailCreate) refers to queue.o(i.xQueueGenericCreate) for xQueueGenericCreate
    cmsis_os.o(i.osMailCreate) refers to cmsis_os.o(i.osPoolCreate) for osPoolCreate
    cmsis_os.o(i.osMailCreate) refers to heap_4.o(i.vPortFree) for vPortFree
    cmsis_os.o(i.osMailFree) refers to cmsis_os.o(i.osPoolFree) for osPoolFree
    cmsis_os.o(i.osMailGet) refers to cmsis_os.o(i.inHandlerMode) for inHandlerMode
    cmsis_os.o(i.osMailGet) refers to queue.o(i.xQueueReceiveFromISR) for xQueueReceiveFromISR
    cmsis_os.o(i.osMailGet) refers to queue.o(i.xQueueGenericReceive) for xQueueGenericReceive
    cmsis_os.o(i.osMailPut) refers to cmsis_os.o(i.inHandlerMode) for inHandlerMode
    cmsis_os.o(i.osMailPut) refers to queue.o(i.xQueueGenericSendFromISR) for xQueueGenericSendFromISR
    cmsis_os.o(i.osMailPut) refers to queue.o(i.xQueueGenericSend) for xQueueGenericSend
    cmsis_os.o(i.osMessageAvailableSpace) refers to queue.o(i.uxQueueSpacesAvailable) for uxQueueSpacesAvailable
    cmsis_os.o(i.osMessageCreate) refers to queue.o(i.xQueueGenericCreate) for xQueueGenericCreate
    cmsis_os.o(i.osMessageDelete) refers to cmsis_os.o(i.inHandlerMode) for inHandlerMode
    cmsis_os.o(i.osMessageDelete) refers to queue.o(i.vQueueDelete) for vQueueDelete
    cmsis_os.o(i.osMessageGet) refers to cmsis_os.o(i.inHandlerMode) for inHandlerMode
    cmsis_os.o(i.osMessageGet) refers to queue.o(i.xQueueReceiveFromISR) for xQueueReceiveFromISR
    cmsis_os.o(i.osMessageGet) refers to queue.o(i.xQueueGenericReceive) for xQueueGenericReceive
    cmsis_os.o(i.osMessagePeek) refers to queue.o(i.xQueueGenericReceive) for xQueueGenericReceive
    cmsis_os.o(i.osMessagePut) refers to cmsis_os.o(i.inHandlerMode) for inHandlerMode
    cmsis_os.o(i.osMessagePut) refers to queue.o(i.xQueueGenericSendFromISR) for xQueueGenericSendFromISR
    cmsis_os.o(i.osMessagePut) refers to queue.o(i.xQueueGenericSend) for xQueueGenericSend
    cmsis_os.o(i.osMessageWaiting) refers to cmsis_os.o(i.inHandlerMode) for inHandlerMode
    cmsis_os.o(i.osMessageWaiting) refers to queue.o(i.uxQueueMessagesWaitingFromISR) for uxQueueMessagesWaitingFromISR
    cmsis_os.o(i.osMessageWaiting) refers to queue.o(i.uxQueueMessagesWaiting) for uxQueueMessagesWaiting
    cmsis_os.o(i.osMutexCreate) refers to queue.o(i.xQueueCreateMutex) for xQueueCreateMutex
    cmsis_os.o(i.osMutexDelete) refers to cmsis_os.o(i.inHandlerMode) for inHandlerMode
    cmsis_os.o(i.osMutexDelete) refers to queue.o(i.vQueueDelete) for vQueueDelete
    cmsis_os.o(i.osMutexRelease) refers to cmsis_os.o(i.inHandlerMode) for inHandlerMode
    cmsis_os.o(i.osMutexRelease) refers to queue.o(i.xQueueGiveFromISR) for xQueueGiveFromISR
    cmsis_os.o(i.osMutexRelease) refers to queue.o(i.xQueueGenericSend) for xQueueGenericSend
[...]
    Removing stm32f3xx_hal_i2c.o(i.HAL_I2C_Slave_Transmit), (314 bytes).
    Removing stm32f3xx_hal_i2c.o(i.HAL_I2C_Slave_Transmit_DMA), (156 bytes).
    Removing stm32f3xx_hal_i2c.o(i.HAL_I2C_Slave_Transmit_IT), (92 bytes).
    Removing stm32f3xx_hal_i2c.o(i.I2C_DMAAbort), (50 bytes).
    Removing stm32f3xx_hal_i2c.o(i.I2C_DMAError), (18 bytes).
    Removing stm32f3xx_hal_i2c.o(i.I2C_DMAMasterReceiveCplt), (66 bytes).
    Removing stm32f3xx_hal_i2c.o(i.I2C_DMAMasterTransmitCplt), (66 bytes).
    Removing stm32f3xx_hal_i2c.o(i.I2C_DMASlaveReceiveCplt), (2 bytes).
    Removing stm32f3xx_hal_i2c.o(i.I2C_DMASlaveTransmitCplt), (2 bytes).
    Removing stm32f3xx_hal_i2c.o(i.I2C_Disable_IRQ), (86 bytes).
    Removing stm32f3xx_hal_i2c.o(i.I2C_Enable_IRQ), (96 bytes).
    Removing stm32f3xx_hal_i2c.o(i.I2C_Flush_TXDR), (34 bytes).
    Removing stm32f3xx_hal_i2c.o(i.I2C_ITAddrCplt), (136 bytes).
    Removing stm32f3xx_hal_i2c.o(i.I2C_ITError), (224 bytes).
    Removing stm32f3xx_hal_i2c.o(i.I2C_ITListenCplt), (92 bytes).
    Removing stm32f3xx_hal_i2c.o(i.I2C_ITMasterCplt), (180 bytes).
    Removing stm32f3xx_hal_i2c.o(i.I2C_ITMasterSequentialCplt), (76 bytes).
    Removing stm32f3xx_hal_i2c.o(i.I2C_ITSlaveCplt), (240 bytes).
    Removing stm32f3xx_hal_i2c.o(i.I2C_ITSlaveSequentialCplt), (84 bytes).
    Removing stm32f3xx_hal_i2c.o(i.I2C_IsAcknowledgeFailed), (124 bytes).
    Removing stm32f3xx_hal_i2c.o(i.I2C_Master_ISR_DMA), (196 bytes).
    Removing stm32f3xx_hal_i2c.o(i.I2C_Master_ISR_IT), (288 bytes).
    Removing stm32f3xx_hal_i2c.o(i.I2C_RequestMemoryRead), (110 bytes).
    Removing stm32f3xx_hal_i2c.o(i.I2C_RequestMemoryWrite), (110 bytes).
    Removing stm32f3xx_hal_i2c.o(i.I2C_Slave_ISR_DMA), (106 bytes).
    Removing stm32f3xx_hal_i2c.o(i.I2C_Slave_ISR_IT), (272 bytes).
    Removing stm32f3xx_hal_i2c.o(i.I2C_TransferConfig), (36 bytes).
    Removing stm32f3xx_hal_i2c.o(i.I2C_WaitOnFlagUntilTimeout), (82 bytes).
    Removing stm32f3xx_hal_i2c.o(i.I2C_WaitOnRXNEFlagUntilTimeout), (128 bytes).
    Removing stm32f3xx_hal_i2c.o(i.I2C_WaitOnSTOPFlagUntilTimeout), (78 bytes).
    Removing stm32f3xx_hal_i2c.o(i.I2C_WaitOnTXISFlagUntilTimeout), (82 bytes).
    Removing stm32f3xx_hal.o(.rev16_text), (4 bytes).
    Removing stm32f3xx_hal.o(.revsh_text), (4 bytes).
    Removing stm32f3xx_hal.o(.rrx_text), (6 bytes).
    Removing stm32f3xx_hal.o(i.HAL_DBGMCU_DisableDBGSleepMode), (16 bytes).
    Removing stm32f3xx_hal.o(i.HAL_DBGMCU_DisableDBGStandbyMode), (16 bytes).
    Removing stm32f3xx_hal.o(i.HAL_DBGMCU_DisableDBGStopMode), (16 bytes).
    Removing stm32f3xx_hal.o(i.HAL_DBGMCU_EnableDBGSleepMode), (16 bytes).
    Removing stm32f3xx_hal.o(i.HAL_DBGMCU_EnableDBGStandbyMode), (16 bytes).
    Removing stm32f3xx_hal.o(i.HAL_DBGMCU_EnableDBGStopMode), (16 bytes).
    Removing stm32f3xx_hal.o(i.HAL_DeInit), (36 bytes).
    Removing stm32f3xx_hal.o(i.HAL_Delay), (22 bytes).
    Removing stm32f3xx_hal.o(i.HAL_GetDEVID), (16 bytes).
    Removing stm32f3xx_hal.o(i.HAL_GetHalVersion), (6 bytes).
    Removing stm32f3xx_hal.o(i.HAL_GetREVID), (12 bytes).
    Removing stm32f3xx_hal.o(i.HAL_InitTick), (40 bytes).
    Removing stm32f3xx_hal.o(i.HAL_MspDeInit), (2 bytes).
    Removing stm32f3xx_hal.o(i.HAL_MspInit), (2 bytes).
    Removing stm32f3xx_hal.o(i.HAL_ResumeTick), (14 bytes).
    Removing stm32f3xx_hal.o(i.HAL_SuspendTick), (14 bytes).
    Removing stm32f3xx_hal_gpio.o(.rev16_text), (4 bytes).
    Removing stm32f3xx_hal_gpio.o(.revsh_text), (4 bytes).
    Removing stm32f3xx_hal_gpio.o(.rrx_text), (6 bytes).
    Removing stm32f3xx_hal_gpio.o(i.HAL_GPIO_DeInit), (284 bytes).
    Removing stm32f3xx_hal_gpio.o(i.HAL_GPIO_EXTI_Callback), (2 bytes).
    Removing stm32f3xx_hal_gpio.o(i.HAL_GPIO_EXTI_IRQHandler), (24 bytes).
    Removing stm32f3xx_hal_gpio.o(i.HAL_GPIO_LockPin), (34 bytes).
    Removing stm32f3xx_hal_gpio.o(i.HAL_GPIO_ReadPin), (10 bytes).
    Removing stm32f3xx_hal_gpio.o(i.HAL_GPIO_TogglePin), (8 bytes).
    Removing stm32f3xx_hal_pwr_ex.o(.rev16_text), (4 bytes).
    Removing stm32f3xx_hal_pwr_ex.o(.revsh_text), (4 bytes).
    Removing stm32f3xx_hal_pwr_ex.o(.rrx_text), (6 bytes).
    Removing stm32f3xx_hal_pwr_ex.o(i.HAL_PWR_ConfigPVD), (124 bytes).
    Removing stm32f3xx_hal_pwr_ex.o(i.HAL_PWR_DisablePVD), (16 bytes).
    Removing stm32f3xx_hal_pwr_ex.o(i.HAL_PWR_EnablePVD), (16 bytes).
    Removing stm32f3xx_hal_pwr_ex.o(i.HAL_PWR_PVDCallback), (2 bytes).
    Removing stm32f3xx_hal_pwr_ex.o(i.HAL_PWR_PVD_IRQHandler), (28 bytes).
    Removing stm32f3xx_hal_tim.o(.rev16_text), (4 bytes).
    Removing stm32f3xx_hal_tim.o(.revsh_text), (4 bytes).
    Removing stm32f3xx_hal_tim.o(.rrx_text), (6 bytes).
    Removing stm32f3xx_hal_tim.o(i.HAL_TIM_Base_DeInit), (56 bytes).
    Removing stm32f3xx_hal_tim.o(i.HAL_TIM_Base_GetState), (6 bytes).
    Removing stm32f3xx_hal_tim.o(i.HAL_TIM_Base_MspDeInit), (2 bytes).
    Removing stm32f3xx_hal_tim.o(i.HAL_TIM_Base_Start), (26 bytes).
    Removing stm32f3xx_hal_tim.o(i.HAL_TIM_Base_Start_DMA), (92 bytes).
    Removing stm32f3xx_hal_tim.o(i.HAL_TIM_Base_Stop), (44 bytes).
    Removing stm32f3xx_hal_tim.o(i.HAL_TIM_Base_Stop_DMA), (48 bytes).
    Removing stm32f3xx_hal_tim.o(i.HAL_TIM_Base_Stop_IT), (42 bytes).
    Removing stm32f3xx_hal_tim.o(i.HAL_TIM_ConfigClockSource), (252 bytes).
    Removing stm32f3xx_hal_tim.o(i.HAL_TIM_ConfigOCrefClear), (170 bytes).
    Removing stm32f3xx_hal_tim.o(i.HAL_TIM_ConfigTI1Input), (16 bytes).
    Removing stm32f3xx_hal_tim.o(i.HAL_TIM_DMABurst_ReadStart), (260 bytes).
    Removing stm32f3xx_hal_tim.o(i.HAL_TIM_DMABurst_ReadStop), (96 bytes).
    Removing stm32f3xx_hal_tim.o(i.HAL_TIM_DMABurst_WriteStart), (260 bytes).
    Removing stm32f3xx_hal_tim.o(i.HAL_TIM_DMABurst_WriteStop), (96 bytes).
    Removing stm32f3xx_hal_tim.o(i.HAL_TIM_Encoder_DeInit), (56 bytes).
    Removing stm32f3xx_hal_tim.o(i.HAL_TIM_Encoder_GetState), (6 bytes).
    Removing stm32f3xx_hal_tim.o(i.HAL_TIM_Encoder_Init), (156 bytes).
    Removing stm32f3xx_hal_tim.o(i.HAL_TIM_Encoder_MspDeInit), (2 bytes).
    Removing stm32f3xx_hal_tim.o(i.HAL_TIM_Encoder_MspInit), (2 bytes).
    Removing stm32f3xx_hal_tim.o(i.HAL_TIM_Encoder_Start), (52 bytes).
    Removing stm32f3xx_hal_tim.o(i.HAL_TIM_Encoder_Start_DMA), (272 bytes).
    Removing stm32f3xx_hal_tim.o(i.HAL_TIM_Encoder_Start_IT), (92 bytes).
    Removing stm32f3xx_hal_tim.o(i.HAL_TIM_Encoder_Stop), (70 bytes).
    Removing stm32f3xx_hal_tim.o(i.HAL_TIM_Encoder_Stop_DMA), (116 bytes).
    Removing stm32f3xx_hal_tim.o(i.HAL_TIM_Encoder_Stop_IT), (116 bytes).
    Removing stm32f3xx_hal_tim.o(i.HAL_TIM_ErrorCallback), (2 bytes).
    Removing stm32f3xx_hal_tim.o(i.HAL_TIM_GenerateEvent), (38 bytes).
    Removing stm32f3xx_hal_tim.o(i.HAL_TIM_IC_ConfigChannel), (286 bytes).
    Removing stm32f3xx_hal_tim.o(i.HAL_TIM_IC_DeInit), (56 bytes).
    Removing stm32f3xx_hal_tim.o(i.HAL_TIM_IC_GetState), (6 bytes).
    Removing stm32f3xx_hal_tim.o(i.HAL_TIM_IC_Init), (54 bytes).
    Removing stm32f3xx_hal_tim.o(i.HAL_TIM_IC_MspDeInit), (2 bytes).
    Removing stm32f3xx_hal_tim.o(i.HAL_TIM_IC_MspInit), (2 bytes).
    Removing stm32f3xx_hal_tim.o(i.HAL_TIM_IC_Start), (26 bytes).
    Removing stm32f3xx_hal_tim.o(i.HAL_TIM_IC_Start_DMA), (200 bytes).
    Removing stm32f3xx_hal_tim.o(i.HAL_TIM_IC_Start_IT), (76 bytes).
    Removing stm32f3xx_hal_tim.o(i.HAL_TIM_IC_Stop), (44 bytes).
    Removing stm32f3xx_hal_tim.o(i.HAL_TIM_IC_Stop_DMA), (100 bytes).
    Removing stm32f3xx_hal_tim.o(i.HAL_TIM_IC_Stop_IT), (94 bytes).
    Removing stm32f3xx_hal_tim.o(i.HAL_TIM_OC_ConfigChannel), (86 bytes).
    Removing stm32f3xx_hal_tim.o(i.HAL_TIM_OC_DeInit), (56 bytes).
    Removing stm32f3xx_hal_tim.o(i.HAL_TIM_OC_GetState), (6 bytes).
    Removing stm32f3xx_hal_tim.o(i.HAL_TIM_OC_Init), (54 bytes).
    Removing stm32f3xx_hal_tim.o(i.HAL_TIM_OC_MspDeInit), (2 bytes).
    Removing stm32f3xx_hal_tim.o(i.HAL_TIM_OC_MspInit), (2 bytes).
    Removing stm32f3xx_hal_tim.o(i.HAL_TIM_OC_Start), (88 bytes).
    Removing stm32f3xx_hal_tim.o(i.HAL_TIM_OC_Start_DMA), (268 bytes).
    Removing stm32f3xx_hal_tim.o(i.HAL_TIM_OC_Start_IT), (136 bytes).
    Removing stm32f3xx_hal_tim.o(i.HAL_TIM_OC_Stop), (116 bytes).
    Removing stm32f3xx_hal_tim.o(i.HAL_TIM_OC_Stop_DMA), (172 bytes).
    Removing stm32f3xx_hal_tim.o(i.HAL_TIM_OC_Stop_IT), (168 bytes).
    Removing stm32f3xx_hal_tim.o(i.HAL_TIM_OnePulse_ConfigChannel), (224 bytes).
    Removing stm32f3xx_hal_tim.o(i.HAL_TIM_OnePulse_DeInit), (56 bytes).
    Removing stm32f3xx_hal_tim.o(i.HAL_TIM_OnePulse_GetState), (6 bytes).
    Removing stm32f3xx_hal_tim.o(i.HAL_TIM_OnePulse_Init), (74 bytes).
    Removing stm32f3xx_hal_tim.o(i.HAL_TIM_OnePulse_MspDeInit), (2 bytes).
    Removing stm32f3xx_hal_tim.o(i.HAL_TIM_OnePulse_MspInit), (2 bytes).
    Removing stm32f3xx_hal_tim.o(i.HAL_TIM_OnePulse_Start), (88 bytes).
    Removing stm32f3xx_hal_tim.o(i.HAL_TIM_OnePulse_Start_IT), (108 bytes).
    Removing stm32f3xx_hal_tim.o(i.HAL_TIM_OnePulse_Stop), (128 bytes).
    Removing stm32f3xx_hal_tim.o(i.HAL_TIM_OnePulse_Stop_IT), (148 bytes).
    Removing stm32f3xx_hal_tim.o(i.HAL_TIM_PWM_ConfigChannel), (208 bytes).
    Removing stm32f3xx_hal_tim.o(i.HAL_TIM_PWM_DeInit), (56 bytes).
    Removing stm32f3xx_hal_tim.o(i.HAL_TIM_PWM_GetState), (6 bytes).
    Removing stm32f3xx_hal_tim.o(i.HAL_TIM_PWM_Init), (54 bytes).
    Removing stm32f3xx_hal_tim.o(i.HAL_TIM_PWM_MspDeInit), (2 bytes).
    Removing stm32f3xx_hal_tim.o(i.HAL_TIM_PWM_MspInit), (2 bytes).
    Removing stm32f3xx_hal_tim.o(i.HAL_TIM_PWM_Start), (88 bytes).
    Removing stm32f3xx_hal_tim.o(i.HAL_TIM_PWM_Start_DMA), (268 bytes).
    Removing stm32f3xx_hal_tim.o(i.HAL_TIM_PWM_Start_IT), (136 bytes).
    Removing stm32f3xx_hal_tim.o(i.HAL_TIM_PWM_Stop), (124 bytes).
    Removing stm32f3xx_hal_tim.o(i.HAL_TIM_PWM_Stop_DMA), (172 bytes).
    Removing stm32f3xx_hal_tim.o(i.HAL_TIM_PWM_Stop_IT), (168 bytes).
    Removing stm32f3xx_hal_tim.o(i.HAL_TIM_PeriodElapsedCallback), (2 bytes).
    Removing stm32f3xx_hal_tim.o(i.HAL_TIM_ReadCapturedValue), (68 bytes).
    Removing stm32f3xx_hal_tim.o(i.HAL_TIM_SlaveConfigSynchronization), (66 bytes).
    Removing stm32f3xx_hal_tim.o(i.HAL_TIM_SlaveConfigSynchronization_IT), (66 bytes).
    Removing stm32f3xx_hal_tim.o(i.TIM_CCxChannelCmd), (22 bytes).
    Removing stm32f3xx_hal_tim.o(i.TIM_DMACaptureCplt), (62 bytes).
    Removing stm32f3xx_hal_tim.o(i.TIM_DMADelayPulseCplt), (62 bytes).
    Removing stm32f3xx_hal_tim.o(i.TIM_DMAError), (16 bytes).
    Removing stm32f3xx_hal_tim.o(i.TIM_DMAPeriodElapsedCplt), (16 bytes).
    Removing stm32f3xx_hal_tim.o(i.TIM_DMATriggerCplt), (16 bytes).
    Removing stm32f3xx_hal_tim.o(i.TIM_ETR_SetConfig), (20 bytes).
    Removing stm32f3xx_hal_tim.o(i.TIM_ITRx_SetConfig), (16 bytes).
    Removing stm32f3xx_hal_tim.o(i.TIM_OC1_SetConfig), (156 bytes).
    Removing stm32f3xx_hal_tim.o(i.TIM_OC2_SetConfig), (144 bytes).
    Removing stm32f3xx_hal_tim.o(i.TIM_OC3_SetConfig), (144 bytes).
    Removing stm32f3xx_hal_tim.o(i.TIM_OC4_SetConfig), (116 bytes).
    Removing stm32f3xx_hal_tim.o(i.TIM_SlaveTimer_SetConfig), (128 bytes).
    Removing stm32f3xx_hal_tim.o(i.TIM_TI1_ConfigInputStage), (34 bytes).
    Removing stm32f3xx_hal_tim.o(i.TIM_TI1_SetConfig), (108 bytes).
    Removing stm32f3xx_hal_tim.o(i.TIM_TI2_ConfigInputStage), (36 bytes).
    Removing stm32f3xx_hal_tim.o(i.TIM_TI2_SetConfig), (54 bytes).
    Removing stm32f3xx_hal_dma.o(.rev16_text), (4 bytes).
    Removing stm32f3xx_hal_dma.o(.revsh_text), (4 bytes).
    Removing stm32f3xx_hal_dma.o(.rrx_text), (6 bytes).
    Removing stm32f3xx_hal_dma.o(i.DMA_CalcBaseAndBitshift), (60 bytes).
    Removing stm32f3xx_hal_dma.o(i.DMA_SetConfig), (42 bytes).
    Removing stm32f3xx_hal_dma.o(i.HAL_DMA_Abort), (48 bytes).
    Removing stm32f3xx_hal_dma.o(i.HAL_DMA_Abort_IT), (74 bytes).
    Removing stm32f3xx_hal_dma.o(i.HAL_DMA_DeInit), (70 bytes).
    Removing stm32f3xx_hal_dma.o(i.HAL_DMA_GetError), (4 bytes).
    Removing stm32f3xx_hal_dma.o(i.HAL_DMA_GetState), (6 bytes).
    Removing stm32f3xx_hal_dma.o(i.HAL_DMA_IRQHandler), (168 bytes).
    Removing stm32f3xx_hal_dma.o(i.HAL_DMA_Init), (86 bytes).
    Removing stm32f3xx_hal_dma.o(i.HAL_DMA_PollForTransfer), (206 bytes).
    Removing stm32f3xx_hal_dma.o(i.HAL_DMA_RegisterCallback), (74 bytes).
    Removing stm32f3xx_hal_dma.o(i.HAL_DMA_Start), (80 bytes).
    Removing stm32f3xx_hal_dma.o(i.HAL_DMA_Start_IT), (112 bytes).
    Removing stm32f3xx_hal_dma.o(i.HAL_DMA_UnRegisterCallback), (82 bytes).
    Removing stm32f3xx_hal_flash.o(.rev16_text), (4 bytes).
    Removing stm32f3xx_hal_flash.o(.revsh_text), (4 bytes).
    Removing stm32f3xx_hal_flash.o(.rrx_text), (6 bytes).
    Removing stm32f3xx_hal_flash.o(i.FLASH_Program_HalfWord), (28 bytes).
    Removing stm32f3xx_hal_flash.o(i.FLASH_SetErrorCode), (52 bytes).
    Removing stm32f3xx_hal_flash.o(i.FLASH_WaitForLastOperation), (80 bytes).
    Removing stm32f3xx_hal_flash.o(i.HAL_FLASH_EndOfOperationCallback), (2 bytes).
    Removing stm32f3xx_hal_flash.o(i.HAL_FLASH_GetError), (12 bytes).
    Removing stm32f3xx_hal_flash.o(i.HAL_FLASH_IRQHandler), (264 bytes).
    Removing stm32f3xx_hal_flash.o(i.HAL_FLASH_Lock), (20 bytes).
    Removing stm32f3xx_hal_flash.o(i.HAL_FLASH_OB_Launch), (24 bytes).
    Removing stm32f3xx_hal_flash.o(i.HAL_FLASH_OB_Lock), (20 bytes).
    Removing stm32f3xx_hal_flash.o(i.HAL_FLASH_OB_Unlock), (36 bytes).
    Removing stm32f3xx_hal_flash.o(i.HAL_FLASH_OperationErrorCallback), (2 bytes).
    Removing stm32f3xx_hal_flash.o(i.HAL_FLASH_Program), (128 bytes).
    Removing stm32f3xx_hal_flash.o(i.HAL_FLASH_Program_IT), (100 bytes).
    Removing stm32f3xx_hal_flash.o(i.HAL_FLASH_Unlock), (36 bytes).
    Removing stm32f3xx_hal_flash.o(.bss), (32 bytes).
    Removing stm32f3xx_hal_tim_ex.o(.rev16_text), (4 bytes).
    Removing stm32f3xx_hal_tim_ex.o(.revsh_text), (4 bytes).
    Removing stm32f3xx_hal_tim_ex.o(.rrx_text), (6 bytes).
    Removing stm32f3xx_hal_tim_ex.o(i.HAL_TIMEx_ConfigBreakDeadTime), (148 bytes).
    Removing stm32f3xx_hal_tim_ex.o(i.HAL_TIMEx_ConfigCommutationEvent), (92 bytes).
    Removing stm32f3xx_hal_tim_ex.o(i.HAL_TIMEx_ConfigCommutationEvent_DMA), (124 bytes).
    Removing stm32f3xx_hal_tim_ex.o(i.HAL_TIMEx_ConfigCommutationEvent_IT), (102 bytes).
    Removing stm32f3xx_hal_tim_ex.o(i.HAL_TIMEx_GroupChannel5), (56 bytes).
    Removing stm32f3xx_hal_tim_ex.o(i.HAL_TIMEx_HallSensor_DeInit), (56 bytes).
    Removing stm32f3xx_hal_tim_ex.o(i.HAL_TIMEx_HallSensor_GetState), (6 bytes).
    Removing stm32f3xx_hal_tim_ex.o(i.HAL_TIMEx_HallSensor_Init), (192 bytes).
    Removing stm32f3xx_hal_tim_ex.o(i.HAL_TIMEx_HallSensor_MspDeInit), (2 bytes).
    Removing stm32f3xx_hal_tim_ex.o(i.HAL_TIMEx_HallSensor_MspInit), (2 bytes).
    Removing stm32f3xx_hal_tim_ex.o(i.HAL_TIMEx_HallSensor_Start), (28 bytes).
    Removing stm32f3xx_hal_tim_ex.o(i.HAL_TIMEx_HallSensor_Start_DMA), (104 bytes).
    Removing stm32f3xx_hal_tim_ex.o(i.HAL_TIMEx_HallSensor_Start_IT), (38 bytes).
    Removing stm32f3xx_hal_tim_ex.o(i.HAL_TIMEx_HallSensor_Stop), (46 bytes).
    Removing stm32f3xx_hal_tim_ex.o(i.HAL_TIMEx_HallSensor_Stop_DMA), (56 bytes).
    Removing stm32f3xx_hal_tim_ex.o(i.HAL_TIMEx_HallSensor_Stop_IT), (56 bytes).
    Removing stm32f3xx_hal_tim_ex.o(i.HAL_TIMEx_MasterConfigSynchronization), (88 bytes).
    Removing stm32f3xx_hal_tim_ex.o(i.HAL_TIMEx_OCN_Start), (36 bytes).
    Removing stm32f3xx_hal_tim_ex.o(i.HAL_TIMEx_OCN_Start_DMA), (220 bytes).
    Removing stm32f3xx_hal_tim_ex.o(i.HAL_TIMEx_OCN_Start_IT), (96 bytes).
    Removing stm32f3xx_hal_tim_ex.o(i.HAL_TIMEx_OCN_Stop), (68 bytes).
    Removing stm32f3xx_hal_tim_ex.o(i.HAL_TIMEx_OCN_Stop_DMA), (124 bytes).
    Removing stm32f3xx_hal_tim_ex.o(i.HAL_TIMEx_OCN_Stop_IT), (134 bytes).
    Removing stm32f3xx_hal_tim_ex.o(i.HAL_TIMEx_OnePulseN_Start), (26 bytes).
    Removing stm32f3xx_hal_tim_ex.o(i.HAL_TIMEx_OnePulseN_Start_IT), (46 bytes).
    Removing stm32f3xx_hal_tim_ex.o(i.HAL_TIMEx_OnePulseN_Stop), (68 bytes).
    Removing stm32f3xx_hal_tim_ex.o(i.HAL_TIMEx_OnePulseN_Stop_IT), (88 bytes).
    Removing stm32f3xx_hal_tim_ex.o(i.HAL_TIMEx_PWMN_Start), (36 bytes).
    Removing stm32f3xx_hal_tim_ex.o(i.HAL_TIMEx_PWMN_Start_DMA), (220 bytes).
    Removing stm32f3xx_hal_tim_ex.o(i.HAL_TIMEx_PWMN_Start_IT), (96 bytes).
    Removing stm32f3xx_hal_tim_ex.o(i.HAL_TIMEx_PWMN_Stop), (68 bytes).
    Removing stm32f3xx_hal_tim_ex.o(i.HAL_TIMEx_PWMN_Stop_DMA), (124 bytes).
    Removing stm32f3xx_hal_tim_ex.o(i.HAL_TIMEx_PWMN_Stop_IT), (134 bytes).
    Removing stm32f3xx_hal_tim_ex.o(i.HAL_TIMEx_RemapConfig), (36 bytes).
    Removing stm32f3xx_hal_tim_ex.o(i.HAL_TIM_ConfigOCrefClear), (272 bytes).
    Removing stm32f3xx_hal_tim_ex.o(i.HAL_TIM_OC_ConfigChannel), (114 bytes).
    Removing stm32f3xx_hal_tim_ex.o(i.HAL_TIM_PWM_ConfigChannel), (296 bytes).
    Removing stm32f3xx_hal_tim_ex.o(i.TIMEx_DMACommutationCplt), (16 bytes).
    Removing stm32f3xx_hal_tim_ex.o(i.TIM_CCxNChannelCmd), (22 bytes).
    Removing stm32f3xx_hal_tim_ex.o(i.TIM_OC5_SetConfig), (112 bytes).
    Removing stm32f3xx_hal_tim_ex.o(i.TIM_OC6_SetConfig), (112 bytes).
    Removing stm32f3xx_hal_rcc.o(.rev16_text), (4 bytes).
    Removing stm32f3xx_hal_rcc.o(.revsh_text), (4 bytes).
    Removing stm32f3xx_hal_rcc.o(.rrx_text), (6 bytes).
    Removing stm32f3xx_hal_rcc.o(i.HAL_RCC_DeInit), (72 bytes).
    Removing stm32f3xx_hal_rcc.o(i.HAL_RCC_DisableCSS), (28 bytes).
    Removing stm32f3xx_hal_rcc.o(i.HAL_RCC_GetOscConfig), (156 bytes).
    Removing stm32f3xx_hal_rcc.o(i.HAL_RCC_MCOConfig), (80 bytes).
    Removing stm32f3xx_hal_cortex.o(.rev16_text), (4 bytes).
    Removing stm32f3xx_hal_cortex.o(.revsh_text), (4 bytes).
    Removing stm32f3xx_hal_cortex.o(.rrx_text), (6 bytes).
    Removing stm32f3xx_hal_cortex.o(i.HAL_MPU_ConfigRegion), (84 bytes).
    Removing stm32f3xx_hal_cortex.o(i.HAL_MPU_Disable), (24 bytes).
    Removing stm32f3xx_hal_cortex.o(i.HAL_MPU_Enable), (28 bytes).
    Removing stm32f3xx_hal_cortex.o(i.HAL_NVIC_ClearPendingIRQ), (22 bytes).
    Removing stm32f3xx_hal_cortex.o(i.HAL_NVIC_DisableIRQ), (22 bytes).
    Removing stm32f3xx_hal_cortex.o(i.HAL_NVIC_GetActive), (32 bytes).
    Removing stm32f3xx_hal_cortex.o(i.HAL_NVIC_GetPendingIRQ), (32 bytes).
    Removing stm32f3xx_hal_cortex.o(i.HAL_NVIC_GetPriority), (82 bytes).
    Removing stm32f3xx_hal_cortex.o(i.HAL_NVIC_GetPriorityGrouping), (16 bytes).
    Removing stm32f3xx_hal_cortex.o(i.HAL_NVIC_SetPendingIRQ), (22 bytes).
    Removing stm32f3xx_hal_cortex.o(i.HAL_NVIC_SystemReset), (36 bytes).
    Removing stm32f3xx_hal_cortex.o(i.HAL_SYSTICK_Callback), (2 bytes).
    Removing stm32f3xx_hal_cortex.o(i.HAL_SYSTICK_IRQHandler), (8 bytes).
    Removing stm32f3xx_hal_i2c_ex.o(.rev16_text), (4 bytes).
    Removing stm32f3xx_hal_i2c_ex.o(.revsh_text), (4 bytes).
    Removing stm32f3xx_hal_i2c_ex.o(.rrx_text), (6 bytes).
    Removing stm32f3xx_hal_i2c_ex.o(i.HAL_I2CEx_ConfigAnalogFilter), (86 bytes).
    Removing stm32f3xx_hal_i2c_ex.o(i.HAL_I2CEx_ConfigDigitalFilter), (82 bytes).
    Removing stm32f3xx_hal_i2c_ex.o(i.HAL_I2CEx_DisableFastModePlus), (40 bytes).
    Removing stm32f3xx_hal_i2c_ex.o(i.HAL_I2CEx_DisableWakeUp), (78 bytes).
    Removing stm32f3xx_hal_i2c_ex.o(i.HAL_I2CEx_EnableFastModePlus), (40 bytes).
    Removing stm32f3xx_hal_i2c_ex.o(i.HAL_I2CEx_EnableWakeUp), (78 bytes).
    Removing stm32f3xx_hal_spi.o(.rev16_text), (4 bytes).
    Removing stm32f3xx_hal_spi.o(.revsh_text), (4 bytes).
    Removing stm32f3xx_hal_spi.o(.rrx_text), (6 bytes).
    Removing stm32f3xx_hal_spi.o(i.HAL_SPI_Abort), (352 bytes).
    Removing stm32f3xx_hal_spi.o(i.HAL_SPI_AbortCpltCallback), (2 bytes).
    Removing stm32f3xx_hal_spi.o(i.HAL_SPI_Abort_IT), (348 bytes).
    Removing stm32f3xx_hal_spi.o(i.HAL_SPI_DMAPause), (38 bytes).
    Removing stm32f3xx_hal_spi.o(i.HAL_SPI_DMAResume), (38 bytes).
    Removing stm32f3xx_hal_spi.o(i.HAL_SPI_DMAStop), (40 bytes).
    Removing stm32f3xx_hal_spi.o(i.HAL_SPI_DeInit), (46 bytes).
    Removing stm32f3xx_hal_spi.o(i.HAL_SPI_ErrorCallback), (2 bytes).
    Removing stm32f3xx_hal_spi.o(i.HAL_SPI_GetError), (4 bytes).
    Removing stm32f3xx_hal_spi.o(i.HAL_SPI_GetState), (6 bytes).
    Removing stm32f3xx_hal_spi.o(i.HAL_SPI_IRQHandler), (212 bytes).
    Removing stm32f3xx_hal_spi.o(i.HAL_SPI_MspDeInit), (2 bytes).
    Removing stm32f3xx_hal_spi.o(i.HAL_SPI_MspInit), (2 bytes).
    Removing stm32f3xx_hal_spi.o(i.HAL_SPI_Receive), (366 bytes).
    Removing stm32f3xx_hal_spi.o(i.HAL_SPI_Receive_DMA), (340 bytes).
    Removing stm32f3xx_hal_spi.o(i.HAL_SPI_Receive_IT), (192 bytes).
    Removing stm32f3xx_hal_spi.o(i.HAL_SPI_RxCpltCallback), (2 bytes).
    Removing stm32f3xx_hal_spi.o(i.HAL_SPI_RxHalfCpltCallback), (2 bytes).
    Removing stm32f3xx_hal_spi.o(i.HAL_SPI_Transmit), (374 bytes).
    Removing stm32f3xx_hal_spi.o(i.HAL_SPI_TransmitReceive), (574 bytes).
    Removing stm32f3xx_hal_spi.o(i.HAL_SPI_TransmitReceive_DMA), (448 bytes).
    Removing stm32f3xx_hal_spi.o(i.HAL_SPI_TransmitReceive_IT), (200 bytes).
    Removing stm32f3xx_hal_spi.o(i.HAL_SPI_Transmit_DMA), (256 bytes).
    Removing stm32f3xx_hal_spi.o(i.HAL_SPI_Transmit_IT), (148 bytes).
    Removing stm32f3xx_hal_spi.o(i.HAL_SPI_TxCpltCallback), (2 bytes).
    Removing stm32f3xx_hal_spi.o(i.HAL_SPI_TxHalfCpltCallback), (2 bytes).
    Removing stm32f3xx_hal_spi.o(i.HAL_SPI_TxRxCpltCallback), (2 bytes).
    Removing stm32f3xx_hal_spi.o(i.HAL_SPI_TxRxHalfCpltCallback), (2 bytes).
    Removing stm32f3xx_hal_spi.o(i.SPI_2linesRxISR_16BIT), (54 bytes).
    Removing stm32f3xx_hal_spi.o(i.SPI_2linesRxISR_8BIT), (100 bytes).
    Removing stm32f3xx_hal_spi.o(i.SPI_2linesTxISR_16BIT), (50 bytes).
    Removing stm32f3xx_hal_spi.o(i.SPI_2linesTxISR_8BIT), (70 bytes).
    Removing stm32f3xx_hal_spi.o(i.SPI_AbortRx_ISR), (128 bytes).
    Removing stm32f3xx_hal_spi.o(i.SPI_AbortTx_ISR), (124 bytes).
    Removing stm32f3xx_hal_spi.o(i.SPI_CloseRxTx_ISR), (82 bytes).
    Removing stm32f3xx_hal_spi.o(i.SPI_CloseRx_ISR), (64 bytes).
    Removing stm32f3xx_hal_spi.o(i.SPI_CloseTx_ISR), (76 bytes).
    Removing stm32f3xx_hal_spi.o(i.SPI_DMAAbortOnError), (18 bytes).
    Removing stm32f3xx_hal_spi.o(i.SPI_DMAError), (34 bytes).
    Removing stm32f3xx_hal_spi.o(i.SPI_DMAHalfReceiveCplt), (10 bytes).
    Removing stm32f3xx_hal_spi.o(i.SPI_DMAHalfTransmitCplt), (10 bytes).
    Removing stm32f3xx_hal_spi.o(i.SPI_DMAHalfTransmitReceiveCplt), (10 bytes).
    Removing stm32f3xx_hal_spi.o(i.SPI_DMAReceiveCplt), (86 bytes).
    Removing stm32f3xx_hal_spi.o(i.SPI_DMARxAbortCallback), (128 bytes).
    Removing stm32f3xx_hal_spi.o(i.SPI_DMATransmitCplt), (100 bytes).
    Removing stm32f3xx_hal_spi.o(i.SPI_DMATransmitReceiveCplt), (92 bytes).
    Removing stm32f3xx_hal_spi.o(i.SPI_DMATxAbortCallback), (124 bytes).
    Removing stm32f3xx_hal_spi.o(i.SPI_EndRxTransaction), (116 bytes).
    Removing stm32f3xx_hal_spi.o(i.SPI_EndRxTxTransaction), (54 bytes).
    Removing stm32f3xx_hal_spi.o(i.SPI_RxISR_16BIT), (38 bytes).
    Removing stm32f3xx_hal_spi.o(i.SPI_RxISR_8BIT), (36 bytes).
    Removing stm32f3xx_hal_spi.o(i.SPI_TxISR_16BIT), (32 bytes).
    Removing stm32f3xx_hal_spi.o(i.SPI_TxISR_8BIT), (30 bytes).
    Removing stm32f3xx_hal_spi.o(i.SPI_WaitFifoStateUntilTimeout), (158 bytes).
    Removing stm32f3xx_hal_spi.o(i.SPI_WaitFlagStateUntilTimeout), (148 bytes).
    Removing startup_stm32f303xc.o(HEAP), (512 bytes).
    Removing system_stm32f3xx.o(.rev16_text), (4 bytes).
    Removing system_stm32f3xx.o(.revsh_text), (4 bytes).
    Removing system_stm32f3xx.o(.rrx_text), (6 bytes).
    Removing system_stm32f3xx.o(i.SystemCoreClockUpdate), (112 bytes).
    Removing main.o(.rev16_text), (4 bytes).
    Removing main.o(.revsh_text), (4 bytes).
    Removing main.o(.rrx_text), (6 bytes).
    Removing spi.o(.rev16_text), (4 bytes).
    Removing spi.o(.revsh_text), (4 bytes).
    Removing spi.o(.rrx_text), (6 bytes).
    Removing spi.o(i.HAL_SPI_MspDeInit), (64 bytes).
    Removing stm32f3xx_it.o(.rev16_text), (4 bytes).
    Removing stm32f3xx_it.o(.revsh_text), (4 bytes).
    Removing stm32f3xx_it.o(.rrx_text), (6 bytes).
    Removing gpio.o(.rev16_text), (4 bytes).
    Removing gpio.o(.revsh_text), (4 bytes).
    Removing gpio.o(.rrx_text), (6 bytes).
    Removing stm32f3xx_hal_timebase_tim.o(.rev16_text), (4 bytes).
    Removing stm32f3xx_hal_timebase_tim.o(.revsh_text), (4 bytes).
    Removing stm32f3xx_hal_timebase_tim.o(.rrx_text), (6 bytes).
    Removing stm32f3xx_hal_timebase_tim.o(i.HAL_ResumeTick), (20 bytes).
    Removing stm32f3xx_hal_timebase_tim.o(i.HAL_SuspendTick), (20 bytes).
    Removing stm32f3xx_hal_timebase_tim.o(.data), (4 bytes).
    Removing usart.o(.rev16_text), (4 bytes).
    Removing usart.o(.revsh_text), (4 bytes).
    Removing usart.o(.rrx_text), (6 bytes).
    Removing usart.o(i.HAL_UART_MspDeInit), (124 bytes).
    Removing stm32f3xx_hal_msp.o(.rev16_text), (4 bytes).
    Removing stm32f3xx_hal_msp.o(.revsh_text), (4 bytes).
    Removing stm32f3xx_hal_msp.o(.rrx_text), (6 bytes).

638 unused section(s) (total 45600 bytes) removed from the image.

==============================================================================

Image Symbol Table

    Local Symbols

    Symbol Name                              Value     Ov Type        Size  Object(Section)

    ../Drivers/STM32F3xx_HAL_Driver/Src/stm32f3xx_hal.c 0x00000000   Number         0  stm32f3xx_hal.o ABSOLUTE
    ../Drivers/STM32F3xx_HAL_Driver/Src/stm32f3xx_hal_cortex.c 0x00000000   Number         0  stm32f3xx_hal_cortex.o ABSOLUTE
    ../Drivers/STM32F3xx_HAL_Driver/Src/stm32f3xx_hal_dma.c 0x00000000   Number         0  stm32f3xx_hal_dma.o ABSOLUTE
    ../Drivers/STM32F3xx_HAL_Driver/Src/stm32f3xx_hal_flash.c 0x00000000   Number         0  stm32f3xx_hal_flash.o ABSOLUTE
    ../Drivers/STM32F3xx_HAL_Driver/Src/stm32f3xx_hal_flash_ex.c 0x00000000   Number         0  stm32f3xx_hal_flash_ex.o ABSOLUTE
    ../Drivers/STM32F3xx_HAL_Driver/Src/stm32f3xx_hal_gpio.c 0x00000000   Number         0  stm32f3xx_hal_gpio.o ABSOLUTE
    ../Drivers/STM32F3xx_HAL_Driver/Src/stm32f3xx_hal_i2c.c 0x00000000   Number         0  stm32f3xx_hal_i2c.o ABSOLUTE
    ../Drivers/STM32F3xx_HAL_Driver/Src/stm32f3xx_hal_i2c_ex.c 0x00000000   Number         0  stm32f3xx_hal_i2c_ex.o ABSOLUTE
    ../Drivers/STM32F3xx_HAL_Driver/Src/stm32f3xx_hal_pwr.c 0x00000000   Number         0  stm32f3xx_hal_pwr.o ABSOLUTE
    ../Drivers/STM32F3xx_HAL_Driver/Src/stm32f3xx_hal_pwr_ex.c 0x00000000   Number         0  stm32f3xx_hal_pwr_ex.o ABSOLUTE
    ../Drivers/STM32F3xx_HAL_Driver/Src/stm32f3xx_hal_rcc.c 0x00000000   Number         0  stm32f3xx_hal_rcc.o ABSOLUTE
    ../Drivers/STM32F3xx_HAL_Driver/Src/stm32f3xx_hal_rcc_ex.c 0x00000000   Number         0  stm32f3xx_hal_rcc_ex.o ABSOLUTE
    ../Drivers/STM32F3xx_HAL_Driver/Src/stm32f3xx_hal_spi.c 0x00000000   Number         0  stm32f3xx_hal_spi.o ABSOLUTE
    ../Drivers/STM32F3xx_HAL_Driver/Src/stm32f3xx_hal_spi_ex.c 0x00000000   Number         0  stm32f3xx_hal_spi_ex.o ABSOLUTE
    ../Drivers/STM32F3xx_HAL_Driver/Src/stm32f3xx_hal_tim.c 0x00000000   Number         0  stm32f3xx_hal_tim.o ABSOLUTE
    ../Drivers/STM32F3xx_HAL_Driver/Src/stm32f3xx_hal_tim_ex.c 0x00000000   Number         0  stm32f3xx_hal_tim_ex.o ABSOLUTE
    ../Drivers/STM32F3xx_HAL_Driver/Src/stm32f3xx_hal_uart.c 0x00000000   Number         0  stm32f3xx_hal_uart.o ABSOLUTE
    ../Drivers/STM32F3xx_HAL_Driver/Src/stm32f3xx_hal_uart_ex.c 0x00000000   Number         0  stm32f3xx_hal_uart_ex.o ABSOLUTE
    ../Middlewares/Third_Party/FreeRTOS/Source/CMSIS_RTOS/cmsis_os.c 0x00000000   Number         0  cmsis_os.o ABSOLUTE
    ../Middlewares/Third_Party/FreeRTOS/Source/croutine.c 0x00000000   Number         0  croutine.o ABSOLUTE
    ../Middlewares/Third_Party/FreeRTOS/Source/event_groups.c 0x00000000   Number         0  event_groups.o ABSOLUTE
    ../Middlewares/Third_Party/FreeRTOS/Source/list.c 0x00000000   Number         0  list.o ABSOLUTE
    ../Middlewares/Third_Party/FreeRTOS/Source/portable/MemMang/heap_4.c 0x00000000   Number         0  heap_4.o ABSOLUTE
    ../Middlewares/Third_Party/FreeRTOS/Source/portable/RVDS/ARM_CM4F/port.c 0x00000000   Number         0  port.o ABSOLUTE
    ../Middlewares/Third_Party/FreeRTOS/Source/queue.c 0x00000000   Number         0  queue.o ABSOLUTE
    ../Middlewares/Third_Party/FreeRTOS/Source/tasks.c 0x00000000   Number         0  tasks.o ABSOLUTE
    ../Middlewares/Third_Party/FreeRTOS/Source/timers.c 0x00000000   Number         0  timers.o ABSOLUTE
    ../Src/freertos.c                        0x00000000   Number         0  freertos.o ABSOLUTE
    ../Src/gpio.c                            0x00000000   Number         0  gpio.o ABSOLUTE
    ../Src/main.c                            0x00000000   Number         0  main.o ABSOLUTE
    ../Src/spi.c                             0x00000000   Number         0  spi.o ABSOLUTE
    ../Src/stm32f3xx_hal_msp.c               0x00000000   Number         0  stm32f3xx_hal_msp.o ABSOLUTE
    ../Src/stm32f3xx_hal_timebase_TIM.c      0x00000000   Number         0  stm32f3xx_hal_timebase_tim.o ABSOLUTE
    ../Src/stm32f3xx_it.c                    0x00000000   Number         0  stm32f3xx_it.o ABSOLUTE
    ../Src/system_stm32f3xx.c                0x00000000   Number         0  system_stm32f3xx.o ABSOLUTE
    ../Src/usart.c                           0x00000000   Number         0  usart.o ABSOLUTE
    ../clib/microlib/init/entry.s            0x00000000   Number         0  entry8a.o ABSOLUTE
    ../clib/microlib/init/entry.s            0x00000000   Number         0  entry7b.o ABSOLUTE
    ../clib/microlib/init/entry.s            0x00000000   Number         0  entry7a.o ABSOLUTE
    ../clib/microlib/init/entry.s            0x00000000   Number         0  entry2.o ABSOLUTE
    ../clib/microlib/init/entry.s            0x00000000   Number         0  entry5.o ABSOLUTE
    ../clib/microlib/init/entry.s            0x00000000   Number         0  entry.o ABSOLUTE
    ../clib/microlib/init/entry.s            0x00000000   Number         0  entry11b.o ABSOLUTE
    ../clib/microlib/init/entry.s            0x00000000   Number         0  entry9a.o ABSOLUTE
    ../clib/microlib/init/entry.s            0x00000000   Number         0  entry11a.o ABSOLUTE
    ../clib/microlib/init/entry.s            0x00000000   Number         0  entry10b.o ABSOLUTE
    ../clib/microlib/init/entry.s            0x00000000   Number         0  entry10a.o ABSOLUTE
    ../clib/microlib/init/entry.s            0x00000000   Number         0  entry9b.o ABSOLUTE
    ../clib/microlib/init/entry.s            0x00000000   Number         0  entry8b.o ABSOLUTE
    ../clib/microlib/longlong.c              0x00000000   Number         0  llushr.o ABSOLUTE
    ../clib/microlib/string/memcpy.c         0x00000000   Number         0  memcpya.o ABSOLUTE
    ../clib/microlib/string/memcpy.c         0x00000000   Number         0  memcpyb.o ABSOLUTE
    ../clib/microlib/string/memset.c         0x00000000   Number         0  memseta.o ABSOLUTE
    ..\Drivers\STM32F3xx_HAL_Driver\Src\stm32f3xx_hal.c 0x00000000   Number         0  stm32f3xx_hal.o ABSOLUTE
    ..\Drivers\STM32F3xx_HAL_Driver\Src\stm32f3xx_hal_cortex.c 0x00000000   Number         0  stm32f3xx_hal_cortex.o ABSOLUTE
    ..\Drivers\STM32F3xx_HAL_Driver\Src\stm32f3xx_hal_dma.c 0x00000000   Number         0  stm32f3xx_hal_dma.o ABSOLUTE
    ..\Drivers\STM32F3xx_HAL_Driver\Src\stm32f3xx_hal_flash.c 0x00000000   Number         0  stm32f3xx_hal_flash.o ABSOLUTE
    ..\Drivers\STM32F3xx_HAL_Driver\Src\stm32f3xx_hal_flash_ex.c 0x00000000   Number         0  stm32f3xx_hal_flash_ex.o ABSOLUTE
    ..\Drivers\STM32F3xx_HAL_Driver\Src\stm32f3xx_hal_gpio.c 0x00000000   Number         0  stm32f3xx_hal_gpio.o ABSOLUTE
    ..\Drivers\STM32F3xx_HAL_Driver\Src\stm32f3xx_hal_i2c.c 0x00000000   Number         0  stm32f3xx_hal_i2c.o ABSOLUTE
    ..\Drivers\STM32F3xx_HAL_Driver\Src\stm32f3xx_hal_i2c_ex.c 0x00000000   Number         0  stm32f3xx_hal_i2c_ex.o ABSOLUTE
    ..\Drivers\STM32F3xx_HAL_Driver\Src\stm32f3xx_hal_pwr.c 0x00000000   Number         0  stm32f3xx_hal_pwr.o ABSOLUTE
    ..\Drivers\STM32F3xx_HAL_Driver\Src\stm32f3xx_hal_pwr_ex.c 0x00000000   Number         0  stm32f3xx_hal_pwr_ex.o ABSOLUTE
    ..\Drivers\STM32F3xx_HAL_Driver\Src\stm32f3xx_hal_rcc.c 0x00000000   Number         0  stm32f3xx_hal_rcc.o ABSOLUTE
    ..\Drivers\STM32F3xx_HAL_Driver\Src\stm32f3xx_hal_rcc_ex.c 0x00000000   Number         0  stm32f3xx_hal_rcc_ex.o ABSOLUTE
    ..\Drivers\STM32F3xx_HAL_Driver\Src\stm32f3xx_hal_spi.c 0x00000000   Number         0  stm32f3xx_hal_spi.o ABSOLUTE
    ..\Drivers\STM32F3xx_HAL_Driver\Src\stm32f3xx_hal_spi_ex.c 0x00000000   Number         0  stm32f3xx_hal_spi_ex.o ABSOLUTE
    ..\Drivers\STM32F3xx_HAL_Driver\Src\stm32f3xx_hal_tim.c 0x00000000   Number         0  stm32f3xx_hal_tim.o ABSOLUTE
    ..\Drivers\STM32F3xx_HAL_Driver\Src\stm32f3xx_hal_tim_ex.c 0x00000000   Number         0  stm32f3xx_hal_tim_ex.o ABSOLUTE
    ..\Drivers\STM32F3xx_HAL_Driver\Src\stm32f3xx_hal_uart.c 0x00000000   Number         0  stm32f3xx_hal_uart.o ABSOLUTE
    ..\Drivers\STM32F3xx_HAL_Driver\Src\stm32f3xx_hal_uart_ex.c 0x00000000   Number         0  stm32f3xx_hal_uart_ex.o ABSOLUTE
    ..\Middlewares\Third_Party\FreeRTOS\Source\CMSIS_RTOS\cmsis_os.c 0x00000000   Number         0  cmsis_os.o ABSOLUTE
    ..\Middlewares\Third_Party\FreeRTOS\Source\portable\RVDS\ARM_CM4F\port.c 0x00000000   Number         0  port.o ABSOLUTE
    ..\Src\gpio.c                            0x00000000   Number         0  gpio.o ABSOLUTE
    ..\Src\main.c                            0x00000000   Number         0  main.o ABSOLUTE
    ..\Src\spi.c                             0x00000000   Number         0  spi.o ABSOLUTE
    ..\Src\stm32f3xx_hal_msp.c               0x00000000   Number         0  stm32f3xx_hal_msp.o ABSOLUTE
    ..\Src\stm32f3xx_hal_timebase_TIM.c      0x00000000   Number         0  stm32f3xx_hal_timebase_tim.o ABSOLUTE
    ..\Src\stm32f3xx_it.c                    0x00000000   Number         0  stm32f3xx_it.o ABSOLUTE
    ..\Src\system_stm32f3xx.c                0x00000000   Number         0  system_stm32f3xx.o ABSOLUTE
    ..\Src\usart.c                           0x00000000   Number         0  usart.o ABSOLUTE
    dc.s                                     0x00000000   Number         0  dc.o ABSOLUTE
    handlers.s                               0x00000000   Number         0  handlers.o ABSOLUTE
    init.s                                   0x00000000   Number         0  init.o ABSOLUTE
    startup_stm32f303xc.s                    0x00000000   Number         0  startup_stm32f303xc.o ABSOLUTE
    RESET                                    0x08000000   Section      392  startup_stm32f303xc.o(RESET)
    .ARM.Collect$$$$00000000                 0x08000188   Section        0  entry.o(.ARM.Collect$$$$00000000)
    .ARM.Collect$$$$00000001                 0x08000188   Section        4  entry2.o(.ARM.Collect$$$$00000001)
    .ARM.Collect$$$$00000004                 0x0800018c   Section        4  entry5.o(.ARM.Collect$$$$00000004)
    .ARM.Collect$$$$00000008                 0x08000190   Section        0  entry7b.o(.ARM.Collect$$$$00000008)
    .ARM.Collect$$$$0000000A                 0x08000190   Section        0  entry8b.o(.ARM.Collect$$$$0000000A)
    .ARM.Collect$$$$0000000B                 0x08000190   Section        8  entry9a.o(.ARM.Collect$$$$0000000B)
    .ARM.Collect$$$$0000000D                 0x08000198   Section        0  entry10a.o(.ARM.Collect$$$$0000000D)
    .ARM.Collect$$$$0000000F                 0x08000198   Section        0  entry11a.o(.ARM.Collect$$$$0000000F)
    .ARM.Collect$$$$00002712                 0x08000198   Section        4  entry2.o(.ARM.Collect$$$$00002712)
    __lit__00000000                          0x08000198   Data           4  entry2.o(.ARM.Collect$$$$00002712)
    .emb_text                                0x0800019c   Section      186  port.o(.emb_text)
    $v0                                      0x0800019c   Number         0  port.o(.emb_text)
    .text                                    0x08000258   Section       36  startup_stm32f303xc.o(.text)
    $v0                                      0x08000258   Number         0  startup_stm32f303xc.o(.text)
    .text                                    0x0800027c   Section        0  memcpya.o(.text)
    .text                                    0x080002a0   Section       36  init.o(.text)
    i.BusFault_Handler                       0x080002c4   Section        0  stm32f3xx_it.o(i.BusFault_Handler)
    i.DebugMon_Handler                       0x080002c6   Section        0  stm32f3xx_it.o(i.DebugMon_Handler)
    i.HAL_GPIO_Init                          0x080002c8   Section        0  stm32f3xx_hal_gpio.o(i.HAL_GPIO_Init)
    i.HAL_GPIO_WritePin                      0x08000450   Section        0  stm32f3xx_hal_gpio.o(i.HAL_GPIO_WritePin)
    i.HAL_GetTick                            0x0800045c   Section        0  stm32f3xx_hal.o(i.HAL_GetTick)
    i.HAL_IncTick                            0x08000468   Section        0  stm32f3xx_hal.o(i.HAL_IncTick)
    i.HAL_Init                               0x08000478   Section        0  stm32f3xx_hal.o(i.HAL_Init)
    i.HAL_InitTick                           0x0800049c   Section        0  stm32f3xx_hal_timebase_tim.o(i.HAL_InitTick)
    i.HAL_MspInit                            0x08000510   Section        0  stm32f3xx_hal_msp.o(i.HAL_MspInit)
    i.HAL_NVIC_EnableIRQ                     0x08000580   Section        0  stm32f3xx_hal_cortex.o(i.HAL_NVIC_EnableIRQ)
    i.HAL_NVIC_SetPriority                   0x08000598   Section        0  stm32f3xx_hal_cortex.o(i.HAL_NVIC_SetPriority)
    i.HAL_NVIC_SetPriorityGrouping           0x080005d8   Section        0  stm32f3xx_hal_cortex.o(i.HAL_NVIC_SetPriorityGrouping)
    i.HAL_RCCEx_PeriphCLKConfig              0x080005fc   Section        0  stm32f3xx_hal_rcc_ex.o(i.HAL_RCCEx_PeriphCLKConfig)
    i.HAL_RCC_CSSCallback                    0x08000814   Section        0  stm32f3xx_hal_rcc.o(i.HAL_RCC_CSSCallback)
    i.HAL_RCC_ClockConfig                    0x08000818   Section        0  stm32f3xx_hal_rcc.o(i.HAL_RCC_ClockConfig)
    i.HAL_RCC_EnableCSS                      0x080009a0   Section        0  stm32f3xx_hal_rcc.o(i.HAL_RCC_EnableCSS)
    i.HAL_RCC_GetClockConfig                 0x080009b8   Section        0  stm32f3xx_hal_rcc.o(i.HAL_RCC_GetClockConfig)
    i.HAL_RCC_GetHCLKFreq                    0x080009f8   Section        0  stm32f3xx_hal_rcc.o(i.HAL_RCC_GetHCLKFreq)
    i.HAL_RCC_GetPCLK1Freq                   0x08000a04   Section        0  stm32f3xx_hal_rcc.o(i.HAL_RCC_GetPCLK1Freq)
    i.HAL_RCC_GetPCLK2Freq                   0x08000a34   Section        0  stm32f3xx_hal_rcc.o(i.HAL_RCC_GetPCLK2Freq)
    i.HAL_RCC_GetSysClockFreq                0x08000a64   Section        0  stm32f3xx_hal_rcc.o(i.HAL_RCC_GetSysClockFreq)
    i.HAL_RCC_NMI_IRQHandler                 0x08000ac8   Section        0  stm32f3xx_hal_rcc.o(i.HAL_RCC_NMI_IRQHandler)
    i.HAL_RCC_OscConfig                      0x08000ae0   Section        0  stm32f3xx_hal_rcc.o(i.HAL_RCC_OscConfig)
    i.HAL_RS485Ex_Init                       0x0800108c   Section        0  stm32f3xx_hal_uart_ex.o(i.HAL_RS485Ex_Init)
    i.HAL_SPI_Init                           0x08001118   Section        0  stm32f3xx_hal_spi.o(i.HAL_SPI_Init)
    i.HAL_SPI_MspInit                        0x080011d0   Section        0  spi.o(i.HAL_SPI_MspInit)
    i.HAL_SYSTICK_CLKSourceConfig            0x08001238   Section        0  stm32f3xx_hal_cortex.o(i.HAL_SYSTICK_CLKSourceConfig)
    i.HAL_SYSTICK_Config                     0x08001250   Section        0  stm32f3xx_hal_cortex.o(i.HAL_SYSTICK_Config)
    i.HAL_TIMEx_BreakCallback                0x08001278   Section        0  stm32f3xx_hal_tim_ex.o(i.HAL_TIMEx_BreakCallback)
    i.HAL_TIMEx_CommutationCallback          0x0800127a   Section        0  stm32f3xx_hal_tim_ex.o(i.HAL_TIMEx_CommutationCallback)
    i.HAL_TIM_Base_Init                      0x0800127c   Section        0  stm32f3xx_hal_tim.o(i.HAL_TIM_Base_Init)
    i.HAL_TIM_Base_MspInit                   0x080012b2   Section        0  stm32f3xx_hal_tim.o(i.HAL_TIM_Base_MspInit)
    i.HAL_TIM_Base_Start_IT                  0x080012b4   Section        0  stm32f3xx_hal_tim.o(i.HAL_TIM_Base_Start_IT)
    i.HAL_TIM_IC_CaptureCallback             0x080012cc   Section        0  stm32f3xx_hal_tim.o(i.HAL_TIM_IC_CaptureCallback)
    i.HAL_TIM_IRQHandler                     0x080012ce   Section        0  stm32f3xx_hal_tim.o(i.HAL_TIM_IRQHandler)
    i.HAL_TIM_OC_DelayElapsedCallback        0x08001434   Section        0  stm32f3xx_hal_tim.o(i.HAL_TIM_OC_DelayElapsedCallback)
    i.HAL_TIM_PWM_PulseFinishedCallback      0x08001436   Section        0  stm32f3xx_hal_tim.o(i.HAL_TIM_PWM_PulseFinishedCallback)
    i.HAL_TIM_PeriodElapsedCallback          0x08001438   Section        0  main.o(i.HAL_TIM_PeriodElapsedCallback)
    i.HAL_TIM_TriggerCallback                0x0800144c   Section        0  stm32f3xx_hal_tim.o(i.HAL_TIM_TriggerCallback)
    i.HAL_UART_Init                          0x0800144e   Section        0  stm32f3xx_hal_uart.o(i.HAL_UART_Init)
    i.HAL_UART_MspInit                       0x080014b8   Section        0  usart.o(i.HAL_UART_MspInit)
    i.HardFault_Handler                      0x080015b8   Section        0  stm32f3xx_it.o(i.HardFault_Handler)
    i.MX_FREERTOS_Init                       0x080015bc   Section        0  freertos.o(i.MX_FREERTOS_Init)
    i.MX_GPIO_Init                           0x080015e4   Section        0  gpio.o(i.MX_GPIO_Init)
    i.MX_SPI1_Init                           0x0800175c   Section        0  spi.o(i.MX_SPI1_Init)
    i.MX_SPI2_Init                           0x080017c0   Section        0  spi.o(i.MX_SPI2_Init)
    i.MX_UART4_Init                          0x08001824   Section        0  usart.o(i.MX_UART4_Init)
    i.MX_USART1_UART_Init                    0x08001874   Section        0  usart.o(i.MX_USART1_UART_Init)
    i.MX_USART2_UART_Init                    0x080018c8   Section        0  usart.o(i.MX_USART2_UART_Init)
    i.MX_USART3_UART_Init                    0x0800191c   Section        0  usart.o(i.MX_USART3_UART_Init)
    i.MemManage_Handler                      0x0800196c   Section        0  stm32f3xx_it.o(i.MemManage_Handler)
    i.NMI_Handler                            0x0800196e   Section        0  stm32f3xx_it.o(i.NMI_Handler)
    i.NVIC_SetPriority                       0x08001972   Section        0  stm32f3xx_hal_cortex.o(i.NVIC_SetPriority)
    NVIC_SetPriority                         0x08001973   Thumb Code    32  stm32f3xx_hal_cortex.o(i.NVIC_SetPriority)
    i.StartDefaultTask                       0x08001992   Section        0  freertos.o(i.StartDefaultTask)
    i.SysTick_Handler                        0x0800199a   Section        0  stm32f3xx_it.o(i.SysTick_Handler)
    i.SystemClock_Config                     0x0800199e   Section        0  main.o(i.SystemClock_Config)
    i.SystemInit                             0x08001a20   Section        0  system_stm32f3xx.o(i.SystemInit)
    i.TIM1_UP_TIM16_IRQHandler               0x08001a88   Section        0  stm32f3xx_it.o(i.TIM1_UP_TIM16_IRQHandler)
    i.TIM_Base_SetConfig                     0x08001a94   Section        0  stm32f3xx_hal_tim.o(i.TIM_Base_SetConfig)
    i.UART_AdvFeatureConfig                  0x08001b44   Section        0  stm32f3xx_hal_uart.o(i.UART_AdvFeatureConfig)
    i.UART_CheckIdleState                    0x08001c0c   Section        0  stm32f3xx_hal_uart.o(i.UART_CheckIdleState)
    i.UART_SetConfig                         0x08001c68   Section        0  stm32f3xx_hal_uart.o(i.UART_SetConfig)
    i.UART_WaitOnFlagUntilTimeout            0x08001e3c   Section        0  stm32f3xx_hal_uart.o(i.UART_WaitOnFlagUntilTimeout)
    i.UsageFault_Handler                     0x08001ea0   Section        0  stm32f3xx_it.o(i.UsageFault_Handler)
    i._Error_Handler                         0x08001ea2   Section        0  main.o(i._Error_Handler)
    i.__scatterload_copy                     0x08001ea4   Section       14  handlers.o(i.__scatterload_copy)
    i.__scatterload_null                     0x08001eb2   Section        2  handlers.o(i.__scatterload_null)
    i.__scatterload_zeroinit                 0x08001eb4   Section       14  handlers.o(i.__scatterload_zeroinit)
    i.main                                   0x08001ec2   Section        0  main.o(i.main)
    i.makeFreeRtosPriority                   0x08001ef0   Section        0  cmsis_os.o(i.makeFreeRtosPriority)
    makeFreeRtosPriority                     0x08001ef1   Thumb Code    12  cmsis_os.o(i.makeFreeRtosPriority)
    i.osDelay                                0x08001efc   Section        0  cmsis_os.o(i.osDelay)
    i.osKernelStart                          0x08001f0a   Section        0  cmsis_os.o(i.osKernelStart)
    i.osSystickHandler                       0x08001f14   Section        0  cmsis_os.o(i.osSystickHandler)
    i.osThreadCreate                         0x08001f28   Section        0  cmsis_os.o(i.osThreadCreate)
    i.prvAddCurrentTaskToDelayedList         0x08001f58   Section        0  tasks.o(i.prvAddCurrentTaskToDelayedList)
    prvAddCurrentTaskToDelayedList           0x08001f59   Thumb Code   102  tasks.o(i.prvAddCurrentTaskToDelayedList)
    i.prvAddNewTaskToReadyList               0x08001fc8   Section        0  tasks.o(i.prvAddNewTaskToReadyList)
    prvAddNewTaskToReadyList                 0x08001fc9   Thumb Code   194  tasks.o(i.prvAddNewTaskToReadyList)
    i.prvCheckTasksWaitingTermination        0x08002098   Section        0  tasks.o(i.prvCheckTasksWaitingTermination)
    prvCheckTasksWaitingTermination          0x08002099   Thumb Code    70  tasks.o(i.prvCheckTasksWaitingTermination)
    i.prvDeleteTCB                           0x080020e8   Section        0  tasks.o(i.prvDeleteTCB)
    prvDeleteTCB                             0x080020e9   Thumb Code    20  tasks.o(i.prvDeleteTCB)
    i.prvHeapInit                            0x080020fc   Section        0  heap_4.o(i.prvHeapInit)
    prvHeapInit                              0x080020fd   Thumb Code    66  heap_4.o(i.prvHeapInit)
    i.prvIdleTask                            0x08002148   Section        0  tasks.o(i.prvIdleTask)
    prvIdleTask                              0x08002149   Thumb Code    30  tasks.o(i.prvIdleTask)
    i.prvInitialiseNewTask                   0x08002170   Section        0  tasks.o(i.prvInitialiseNewTask)
    prvInitialiseNewTask                     0x08002171   Thumb Code   142  tasks.o(i.prvInitialiseNewTask)
    i.prvInsertBlockIntoFreeList             0x08002200   Section        0  heap_4.o(i.prvInsertBlockIntoFreeList)
    prvInsertBlockIntoFreeList               0x08002201   Thumb Code    72  heap_4.o(i.prvInsertBlockIntoFreeList)
    i.prvResetNextTaskUnblockTime            0x0800224c   Section        0  tasks.o(i.prvResetNextTaskUnblockTime)
    prvResetNextTaskUnblockTime              0x0800224d   Thumb Code    26  tasks.o(i.prvResetNextTaskUnblockTime)
    i.prvTaskExitError                       0x0800226c   Section        0  port.o(i.prvTaskExitError)
    prvTaskExitError                         0x0800226d   Thumb Code    36  port.o(i.prvTaskExitError)
    i.pvPortMalloc                           0x08002294   Section        0  heap_4.o(i.pvPortMalloc)
    i.pxPortInitialiseStack                  0x0800236c   Section        0  port.o(i.pxPortInitialiseStack)
    i.uxListRemove                           0x08002398   Section        0  list.o(i.uxListRemove)
    i.vListInitialise                        0x080023bc   Section        0  list.o(i.vListInitialise)
    i.vListInitialiseItem                    0x080023d2   Section        0  list.o(i.vListInitialiseItem)
    i.vListInsert                            0x080023d8   Section        0  list.o(i.vListInsert)
    i.vListInsertEnd                         0x08002408   Section        0  list.o(i.vListInsertEnd)
    i.vPortEnterCritical                     0x08002420   Section        0  port.o(i.vPortEnterCritical)
    i.vPortExitCritical                      0x08002460   Section        0  port.o(i.vPortExitCritical)
    i.vPortFree                              0x08002488   Section        0  heap_4.o(i.vPortFree)
    i.vPortSetupTimerInterrupt               0x080024e4   Section        0  port.o(i.vPortSetupTimerInterrupt)
    i.vTaskDelay                             0x08002504   Section        0  tasks.o(i.vTaskDelay)
    i.vTaskStartScheduler                    0x08002550   Section        0  tasks.o(i.vTaskStartScheduler)
    i.vTaskSuspendAll                        0x080025b8   Section        0  tasks.o(i.vTaskSuspendAll)
    i.vTaskSwitchContext                     0x080025c8   Section        0  tasks.o(i.vTaskSwitchContext)
    i.xPortStartScheduler                    0x08002624   Section        0  port.o(i.xPortStartScheduler)
    i.xPortSysTickHandler                    0x08002704   Section        0  port.o(i.xPortSysTickHandler)
    i.xTaskCreate                            0x08002730   Section        0  tasks.o(i.xTaskCreate)
    i.xTaskGetSchedulerState                 0x08002788   Section        0  tasks.o(i.xTaskGetSchedulerState)
    i.xTaskIncrementTick                     0x080027a4   Section        0  tasks.o(i.xTaskIncrementTick)
    i.xTaskResumeAll                         0x0800286c   Section        0  tasks.o(i.xTaskResumeAll)
    .constdata                               0x08002930   Section       32  stm32f3xx_hal_rcc.o(.constdata)
    .constdata                               0x08002950   Section       16  system_stm32f3xx.o(.constdata)
    .constdata                               0x08002960   Section        8  system_stm32f3xx.o(.constdata)
    .constdata                               0x08002968   Section       20  freertos.o(.constdata)
    .conststring                             0x0800297c   Section       12  freertos.o(.conststring)
    .data                                    0x20000000   Section       12  port.o(.data)
    ucMaxSysCallPriority                     0x20000000   Data           1  port.o(.data)
    uxCriticalNesting                        0x20000004   Data           4  port.o(.data)
    ulMaxPRIGROUPValue                       0x20000008   Data           4  port.o(.data)
    .data                                    0x2000000c   Section       60  tasks.o(.data)
    uxDeletedTasksWaitingCleanUp             0x20000010   Data           4  tasks.o(.data)
    uxCurrentNumberOfTasks                   0x20000014   Data           4  tasks.o(.data)
    xTickCount                               0x20000018   Data           4  tasks.o(.data)
    uxTopReadyPriority                       0x2000001c   Data           4  tasks.o(.data)
    xSchedulerRunning                        0x20000020   Data           4  tasks.o(.data)
    uxPendedTicks                            0x20000024   Data           4  tasks.o(.data)
    xYieldPending                            0x20000028   Data           4  tasks.o(.data)
    xNumOfOverflows                          0x2000002c   Data           4  tasks.o(.data)
    uxTaskNumber                             0x20000030   Data           4  tasks.o(.data)
    xNextTaskUnblockTime                     0x20000034   Data           4  tasks.o(.data)
    xIdleTaskHandle                          0x20000038   Data           4  tasks.o(.data)
    uxSchedulerSuspended                     0x2000003c   Data           4  tasks.o(.data)
    pxDelayedTaskList                        0x20000040   Data           4  tasks.o(.data)
    pxOverflowDelayedTaskList                0x20000044   Data           4  tasks.o(.data)
    .data                                    0x20000048   Section       24  heap_4.o(.data)
    pxEnd                                    0x20000048   Data           4  heap_4.o(.data)
    xFreeBytesRemaining                      0x2000004c   Data           4  heap_4.o(.data)
    xMinimumEverFreeBytesRemaining           0x20000050   Data           4  heap_4.o(.data)
    xBlockAllocatedBit                       0x20000054   Data           4  heap_4.o(.data)
    xStart                                   0x20000058   Data           8  heap_4.o(.data)
    .data                                    0x20000060   Section        4  stm32f3xx_hal.o(.data)
    .data                                    0x20000064   Section        4  system_stm32f3xx.o(.data)
    .data                                    0x20000068   Section        4  freertos.o(.data)
    .bss                                     0x2000006c   Section      240  tasks.o(.bss)
    pxReadyTasksLists                        0x2000006c   Data         140  tasks.o(.bss)
    xDelayedTaskList1                        0x200000f8   Data          20  tasks.o(.bss)
    xDelayedTaskList2                        0x2000010c   Data          20  tasks.o(.bss)
    xPendingReadyList                        0x20000120   Data          20  tasks.o(.bss)
    xTasksWaitingTermination                 0x20000134   Data          20  tasks.o(.bss)
    xSuspendedTaskList                       0x20000148   Data          20  tasks.o(.bss)
    .bss                                     0x2000015c   Section     3072  heap_4.o(.bss)
    ucHeap                                   0x2000015c   Data        3072  heap_4.o(.bss)
    .bss                                     0x20000d5c   Section      200  spi.o(.bss)
    .bss                                     0x20000e24   Section       64  stm32f3xx_hal_timebase_tim.o(.bss)
    .bss                                     0x20000e64   Section      448  usart.o(.bss)
    STACK                                    0x20001028   Section     1024  startup_stm32f303xc.o(STACK)

    Global Symbols

    Symbol Name                              Value     Ov Type        Size  Object(Section)

    BuildAttributes$$THM_ISAv4$E$P$D$K$B$S$7EM$VFPi3$EXTD16$VFPS$VFMA$PE$A:L22UL41UL21$X:L11$S22US41US21$IEEE1$IW$USESV6$~STKCKD$USESV7$~SHL$OSPACE$EBA8$MICROLIB$REQ8$PRES8$EABIv2 0x00000000   Number         0  anon$$obj.o ABSOLUTE
    __ARM_use_no_argv                        0x00000000   Number         0  main.o ABSOLUTE
    __cpp_initialize__aeabi_                  - Undefined Weak Reference
    __cxa_finalize                            - Undefined Weak Reference
    __decompress                              - Undefined Weak Reference
    _clock_init                               - Undefined Weak Reference
    _microlib_exit                            - Undefined Weak Reference
    __Vectors_Size                           0x00000188   Number         0  startup_stm32f303xc.o ABSOLUTE
    __Vectors                                0x08000000   Data           4  startup_stm32f303xc.o(RESET)
    __Vectors_End                            0x08000188   Data           0  startup_stm32f303xc.o(RESET)
    __main                                   0x08000189   Thumb Code     0  entry.o(.ARM.Collect$$$$00000000)
    _main_stk                                0x08000189   Thumb Code     0  entry2.o(.ARM.Collect$$$$00000001)
    _main_scatterload                        0x0800018d   Thumb Code     0  entry5.o(.ARM.Collect$$$$00000004)
    __main_after_scatterload                 0x08000191   Thumb Code     0  entry5.o(.ARM.Collect$$$$00000004)
    _main_clock                              0x08000191   Thumb Code     0  entry7b.o(.ARM.Collect$$$$00000008)
    _main_cpp_init                           0x08000191   Thumb Code     0  entry8b.o(.ARM.Collect$$$$0000000A)
    _main_init                               0x08000191   Thumb Code     0  entry9a.o(.ARM.Collect$$$$0000000B)
    __rt_final_cpp                           0x08000199   Thumb Code     0  entry10a.o(.ARM.Collect$$$$0000000D)
    __rt_final_exit                          0x08000199   Thumb Code     0  entry11a.o(.ARM.Collect$$$$0000000F)
    SVC_Handler                              0x0800019d   Thumb Code    28  port.o(.emb_text)
    __asm___6_port_c_39a90d8d__prvStartFirstTask 0x080001bd   Thumb Code    28  port.o(.emb_text)
    __asm___6_port_c_39a90d8d__prvEnableVFP  0x080001dd   Thumb Code    16  port.o(.emb_text)
    PendSV_Handler                           0x080001f1   Thumb Code    92  port.o(.emb_text)
    vPortGetIPSR                             0x08000251   Thumb Code     6  port.o(.emb_text)
    Reset_Handler                            0x08000259   Thumb Code     8  startup_stm32f303xc.o(.text)
    ADC1_2_IRQHandler                        0x08000273   Thumb Code     0  startup_stm32f303xc.o(.text)
    ADC3_IRQHandler                          0x08000273   Thumb Code     0  startup_stm32f303xc.o(.text)
    ADC4_IRQHandler                          0x08000273   Thumb Code     0  startup_stm32f303xc.o(.text)
    CAN_RX1_IRQHandler                       0x08000273   Thumb Code     0  startup_stm32f303xc.o(.text)
    CAN_SCE_IRQHandler                       0x08000273   Thumb Code     0  startup_stm32f303xc.o(.text)
    COMP1_2_3_IRQHandler                     0x08000273   Thumb Code     0  startup_stm32f303xc.o(.text)
    COMP4_5_6_IRQHandler                     0x08000273   Thumb Code     0  startup_stm32f303xc.o(.text)
    COMP7_IRQHandler                         0x08000273   Thumb Code     0  startup_stm32f303xc.o(.text)
    DMA1_Channel1_IRQHandler                 0x08000273   Thumb Code     0  startup_stm32f303xc.o(.text)
    DMA1_Channel2_IRQHandler                 0x08000273   Thumb Code     0  startup_stm32f303xc.o(.text)
    DMA1_Channel3_IRQHandler                 0x08000273   Thumb Code     0  startup_stm32f303xc.o(.text)
    DMA1_Channel4_IRQHandler                 0x08000273   Thumb Code     0  startup_stm32f303xc.o(.text)
    DMA1_Channel5_IRQHandler                 0x08000273   Thumb Code     0  startup_stm32f303xc.o(.text)
    DMA1_Channel6_IRQHandler                 0x08000273   Thumb Code     0  startup_stm32f303xc.o(.text)
    DMA1_Channel7_IRQHandler                 0x08000273   Thumb Code     0  startup_stm32f303xc.o(.text)
    DMA2_Channel1_IRQHandler                 0x08000273   Thumb Code     0  startup_stm32f303xc.o(.text)
    DMA2_Channel2_IRQHandler                 0x08000273   Thumb Code     0  startup_stm32f303xc.o(.text)
    DMA2_Channel3_IRQHandler                 0x08000273   Thumb Code     0  startup_stm32f303xc.o(.text)
    DMA2_Channel4_IRQHandler                 0x08000273   Thumb Code     0  startup_stm32f303xc.o(.text)
    DMA2_Channel5_IRQHandler                 0x08000273   Thumb Code     0  startup_stm32f303xc.o(.text)
    EXTI0_IRQHandler                         0x08000273   Thumb Code     0  startup_stm32f303xc.o(.text)
    EXTI15_10_IRQHandler                     0x08000273   Thumb Code     0  startup_stm32f303xc.o(.text)
    EXTI1_IRQHandler                         0x08000273   Thumb Code     0  startup_stm32f303xc.o(.text)
    EXTI2_TSC_IRQHandler                     0x08000273   Thumb Code     0  startup_stm32f303xc.o(.text)
    EXTI3_IRQHandler                         0x08000273   Thumb Code     0  startup_stm32f303xc.o(.text)
    EXTI4_IRQHandler                         0x08000273   Thumb Code     0  startup_stm32f303xc.o(.text)
    EXTI9_5_IRQHandler                       0x08000273   Thumb Code     0  startup_stm32f303xc.o(.text)
    FLASH_IRQHandler                         0x08000273   Thumb Code     0  startup_stm32f303xc.o(.text)
    FPU_IRQHandler                           0x08000273   Thumb Code     0  startup_stm32f303xc.o(.text)
    I2C1_ER_IRQHandler                       0x08000273   Thumb Code     0  startup_stm32f303xc.o(.text)
    I2C1_EV_IRQHandler                       0x08000273   Thumb Code     0  startup_stm32f303xc.o(.text)
    I2C2_ER_IRQHandler                       0x08000273   Thumb Code     0  startup_stm32f303xc.o(.text)
    I2C2_EV_IRQHandler                       0x08000273   Thumb Code     0  startup_stm32f303xc.o(.text)
    PVD_IRQHandler                           0x08000273   Thumb Code     0  startup_stm32f303xc.o(.text)
    RCC_IRQHandler                           0x08000273   Thumb Code     0  startup_stm32f303xc.o(.text)
    RTC_Alarm_IRQHandler                     0x08000273   Thumb Code     0  startup_stm32f303xc.o(.text)
    RTC_WKUP_IRQHandler                      0x08000273   Thumb Code     0  startup_stm32f303xc.o(.text)
    SPI1_IRQHandler                          0x08000273   Thumb Code     0  startup_stm32f303xc.o(.text)
    SPI2_IRQHandler                          0x08000273   Thumb Code     0  startup_stm32f303xc.o(.text)
    SPI3_IRQHandler                          0x08000273   Thumb Code     0  startup_stm32f303xc.o(.text)
    TAMP_STAMP_IRQHandler                    0x08000273   Thumb Code     0  startup_stm32f303xc.o(.text)
    TIM1_BRK_TIM15_IRQHandler                0x08000273   Thumb Code     0  startup_stm32f303xc.o(.text)
    TIM1_CC_IRQHandler                       0x08000273   Thumb Code     0  startup_stm32f303xc.o(.text)
    TIM1_TRG_COM_TIM17_IRQHandler            0x08000273   Thumb Code     0  startup_stm32f303xc.o(.text)
    TIM2_IRQHandler                          0x08000273   Thumb Code     0  startup_stm32f303xc.o(.text)
    TIM3_IRQHandler                          0x08000273   Thumb Code     0  startup_stm32f303xc.o(.text)
    TIM4_IRQHandler                          0x08000273   Thumb Code     0  startup_stm32f303xc.o(.text)
    TIM6_DAC_IRQHandler                      0x08000273   Thumb Code     0  startup_stm32f303xc.o(.text)
    TIM7_IRQHandler                          0x08000273   Thumb Code     0  startup_stm32f303xc.o(.text)
    TIM8_BRK_IRQHandler                      0x08000273   Thumb Code     0  startup_stm32f303xc.o(.text)
    TIM8_CC_IRQHandler                       0x08000273   Thumb Code     0  startup_stm32f303xc.o(.text)
    TIM8_TRG_COM_IRQHandler                  0x08000273   Thumb Code     0  startup_stm32f303xc.o(.text)
    TIM8_UP_IRQHandler                       0x08000273   Thumb Code     0  startup_stm32f303xc.o(.text)
    UART4_IRQHandler                         0x08000273   Thumb Code     0  startup_stm32f303xc.o(.text)
    UART5_IRQHandler                         0x08000273   Thumb Code     0  startup_stm32f303xc.o(.text)
    USART1_IRQHandler                        0x08000273   Thumb Code     0  startup_stm32f303xc.o(.text)
    USART2_IRQHandler                        0x08000273   Thumb Code     0  startup_stm32f303xc.o(.text)
    USART3_IRQHandler                        0x08000273   Thumb Code     0  startup_stm32f303xc.o(.text)
    USBWakeUp_IRQHandler                     0x08000273   Thumb Code     0  startup_stm32f303xc.o(.text)
    USBWakeUp_RMP_IRQHandler                 0x08000273   Thumb Code     0  startup_stm32f303xc.o(.text)
    USB_HP_CAN_TX_IRQHandler                 0x08000273   Thumb Code     0  startup_stm32f303xc.o(.text)
    USB_HP_IRQHandler                        0x08000273   Thumb Code     0  startup_stm32f303xc.o(.text)
    USB_LP_CAN_RX0_IRQHandler                0x08000273   Thumb Code     0  startup_stm32f303xc.o(.text)
    USB_LP_IRQHandler                        0x08000273   Thumb Code     0  startup_stm32f303xc.o(.text)
    WWDG_IRQHandler                          0x08000273   Thumb Code     0  startup_stm32f303xc.o(.text)
    __aeabi_memcpy                           0x0800027d   Thumb Code    36  memcpya.o(.text)
    __aeabi_memcpy4                          0x0800027d   Thumb Code     0  memcpya.o(.text)
    __aeabi_memcpy8                          0x0800027d   Thumb Code     0  memcpya.o(.text)
    __scatterload                            0x080002a1   Thumb Code    28  init.o(.text)
    __scatterload_rt2                        0x080002a1   Thumb Code     0  init.o(.text)
    BusFault_Handler                         0x080002c5   Thumb Code     2  stm32f3xx_it.o(i.BusFault_Handler)
    DebugMon_Handler                         0x080002c7   Thumb Code     2  stm32f3xx_it.o(i.DebugMon_Handler)
    HAL_GPIO_Init                            0x080002c9   Thumb Code   364  stm32f3xx_hal_gpio.o(i.HAL_GPIO_Init)
    HAL_GPIO_WritePin                        0x08000451   Thumb Code    10  stm32f3xx_hal_gpio.o(i.HAL_GPIO_WritePin)
    HAL_GetTick                              0x0800045d   Thumb Code     6  stm32f3xx_hal.o(i.HAL_GetTick)
    HAL_IncTick                              0x08000469   Thumb Code    10  stm32f3xx_hal.o(i.HAL_IncTick)
    HAL_Init                                 0x08000479   Thumb Code    32  stm32f3xx_hal.o(i.HAL_Init)
    HAL_InitTick                             0x0800049d   Thumb Code   100  stm32f3xx_hal_timebase_tim.o(i.HAL_InitTick)
    HAL_MspInit                              0x08000511   Thumb Code   106  stm32f3xx_hal_msp.o(i.HAL_MspInit)
    HAL_NVIC_EnableIRQ                       0x08000581   Thumb Code    22  stm32f3xx_hal_cortex.o(i.HAL_NVIC_EnableIRQ)
    HAL_NVIC_SetPriority                     0x08000599   Thumb Code    60  stm32f3xx_hal_cortex.o(i.HAL_NVIC_SetPriority)
    HAL_NVIC_SetPriorityGrouping             0x080005d9   Thumb Code    26  stm32f3xx_hal_cortex.o(i.HAL_NVIC_SetPriorityGrouping)
    HAL_RCCEx_PeriphCLKConfig                0x080005fd   Thumb Code   522  stm32f3xx_hal_rcc_ex.o(i.HAL_RCCEx_PeriphCLKConfig)
    HAL_RCC_CSSCallback                      0x08000815   Thumb Code     2  stm32f3xx_hal_rcc.o(i.HAL_RCC_CSSCallback)
    HAL_RCC_ClockConfig                      0x08000819   Thumb Code   374  stm32f3xx_hal_rcc.o(i.HAL_RCC_ClockConfig)
    HAL_RCC_EnableCSS                        0x080009a1   Thumb Code    20  stm32f3xx_hal_rcc.o(i.HAL_RCC_EnableCSS)
    HAL_RCC_GetClockConfig                   0x080009b9   Thumb Code    54  stm32f3xx_hal_rcc.o(i.HAL_RCC_GetClockConfig)
    HAL_RCC_GetHCLKFreq                      0x080009f9   Thumb Code     6  stm32f3xx_hal_rcc.o(i.HAL_RCC_GetHCLKFreq)
    HAL_RCC_GetPCLK1Freq                     0x08000a05   Thumb Code    34  stm32f3xx_hal_rcc.o(i.HAL_RCC_GetPCLK1Freq)
    HAL_RCC_GetPCLK2Freq                     0x08000a35   Thumb Code    34  stm32f3xx_hal_rcc.o(i.HAL_RCC_GetPCLK2Freq)
    HAL_RCC_GetSysClockFreq                  0x08000a65   Thumb Code    84  stm32f3xx_hal_rcc.o(i.HAL_RCC_GetSysClockFreq)
    HAL_RCC_NMI_IRQHandler                   0x08000ac9   Thumb Code    20  stm32f3xx_hal_rcc.o(i.HAL_RCC_NMI_IRQHandler)
    HAL_RCC_OscConfig                        0x08000ae1   Thumb Code  1452  stm32f3xx_hal_rcc.o(i.HAL_RCC_OscConfig)
    HAL_RS485Ex_Init                         0x0800108d   Thumb Code   136  stm32f3xx_hal_uart_ex.o(i.HAL_RS485Ex_Init)
    HAL_SPI_Init                             0x08001119   Thumb Code   182  stm32f3xx_hal_spi.o(i.HAL_SPI_Init)
    HAL_SPI_MspInit                          0x080011d1   Thumb Code    88  spi.o(i.HAL_SPI_MspInit)
    HAL_SYSTICK_CLKSourceConfig              0x08001239   Thumb Code    24  stm32f3xx_hal_cortex.o(i.HAL_SYSTICK_CLKSourceConfig)
    HAL_SYSTICK_Config                       0x08001251   Thumb Code    40  stm32f3xx_hal_cortex.o(i.HAL_SYSTICK_Config)
    HAL_TIMEx_BreakCallback                  0x08001279   Thumb Code     2  stm32f3xx_hal_tim_ex.o(i.HAL_TIMEx_BreakCallback)
    HAL_TIMEx_CommutationCallback            0x0800127b   Thumb Code     2  stm32f3xx_hal_tim_ex.o(i.HAL_TIMEx_CommutationCallback)
    HAL_TIM_Base_Init                        0x0800127d   Thumb Code    54  stm32f3xx_hal_tim.o(i.HAL_TIM_Base_Init)
    HAL_TIM_Base_MspInit                     0x080012b3   Thumb Code     2  stm32f3xx_hal_tim.o(i.HAL_TIM_Base_MspInit)
    HAL_TIM_Base_Start_IT                    0x080012b5   Thumb Code    24  stm32f3xx_hal_tim.o(i.HAL_TIM_Base_Start_IT)
    HAL_TIM_IC_CaptureCallback               0x080012cd   Thumb Code     2  stm32f3xx_hal_tim.o(i.HAL_TIM_IC_CaptureCallback)
    HAL_TIM_IRQHandler                       0x080012cf   Thumb Code   358  stm32f3xx_hal_tim.o(i.HAL_TIM_IRQHandler)
    HAL_TIM_OC_DelayElapsedCallback          0x08001435   Thumb Code     2  stm32f3xx_hal_tim.o(i.HAL_TIM_OC_DelayElapsedCallback)
    HAL_TIM_PWM_PulseFinishedCallback        0x08001437   Thumb Code     2  stm32f3xx_hal_tim.o(i.HAL_TIM_PWM_PulseFinishedCallback)
    HAL_TIM_PeriodElapsedCallback            0x08001439   Thumb Code    14  main.o(i.HAL_TIM_PeriodElapsedCallback)
    HAL_TIM_TriggerCallback                  0x0800144d   Thumb Code     2  stm32f3xx_hal_tim.o(i.HAL_TIM_TriggerCallback)
    HAL_UART_Init                            0x0800144f   Thumb Code   106  stm32f3xx_hal_uart.o(i.HAL_UART_Init)
    HAL_UART_MspInit                         0x080014b9   Thumb Code   228  usart.o(i.HAL_UART_MspInit)
    HardFault_Handler                        0x080015b9   Thumb Code     2  stm32f3xx_it.o(i.HardFault_Handler)
    MX_FREERTOS_Init                         0x080015bd   Thumb Code    30  freertos.o(i.MX_FREERTOS_Init)
    MX_GPIO_Init                             0x080015e5   Thumb Code   350  gpio.o(i.MX_GPIO_Init)
    MX_SPI1_Init                             0x0800175d   Thumb Code    74  spi.o(i.MX_SPI1_Init)
    MX_SPI2_Init                             0x080017c1   Thumb Code    74  spi.o(i.MX_SPI2_Init)
    MX_UART4_Init                            0x08001825   Thumb Code    56  usart.o(i.MX_UART4_Init)
    MX_USART1_UART_Init                      0x08001875   Thumb Code    60  usart.o(i.MX_USART1_UART_Init)
    MX_USART2_UART_Init                      0x080018c9   Thumb Code    60  usart.o(i.MX_USART2_UART_Init)
    MX_USART3_UART_Init                      0x0800191d   Thumb Code    56  usart.o(i.MX_USART3_UART_Init)
    MemManage_Handler                        0x0800196d   Thumb Code     2  stm32f3xx_it.o(i.MemManage_Handler)
    NMI_Handler                              0x0800196f   Thumb Code     4  stm32f3xx_it.o(i.NMI_Handler)
    StartDefaultTask                         0x08001993   Thumb Code     8  freertos.o(i.StartDefaultTask)
    SysTick_Handler                          0x0800199b   Thumb Code     4  stm32f3xx_it.o(i.SysTick_Handler)
    SystemClock_Config                       0x0800199f   Thumb Code   128  main.o(i.SystemClock_Config)
    SystemInit                               0x08001a21   Thumb Code    82  system_stm32f3xx.o(i.SystemInit)
    TIM1_UP_TIM16_IRQHandler                 0x08001a89   Thumb Code     6  stm32f3xx_it.o(i.TIM1_UP_TIM16_IRQHandler)
    TIM_Base_SetConfig                       0x08001a95   Thumb Code   146  stm32f3xx_hal_tim.o(i.TIM_Base_SetConfig)
    UART_AdvFeatureConfig                    0x08001b45   Thumb Code   200  stm32f3xx_hal_uart.o(i.UART_AdvFeatureConfig)
    UART_CheckIdleState                      0x08001c0d   Thumb Code    92  stm32f3xx_hal_uart.o(i.UART_CheckIdleState)
    UART_SetConfig                           0x08001c69   Thumb Code   434  stm32f3xx_hal_uart.o(i.UART_SetConfig)
    UART_WaitOnFlagUntilTimeout              0x08001e3d   Thumb Code   100  stm32f3xx_hal_uart.o(i.UART_WaitOnFlagUntilTimeout)
    UsageFault_Handler                       0x08001ea1   Thumb Code     2  stm32f3xx_it.o(i.UsageFault_Handler)
    _Error_Handler                           0x08001ea3   Thumb Code     2  main.o(i._Error_Handler)
    __scatterload_copy                       0x08001ea5   Thumb Code    14  handlers.o(i.__scatterload_copy)
    __scatterload_null                       0x08001eb3   Thumb Code     2  handlers.o(i.__scatterload_null)
    __scatterload_zeroinit                   0x08001eb5   Thumb Code    14  handlers.o(i.__scatterload_zeroinit)
    main                                     0x08001ec3   Thumb Code    46  main.o(i.main)
    osDelay                                  0x08001efd   Thumb Code    14  cmsis_os.o(i.osDelay)
    osKernelStart                            0x08001f0b   Thumb Code    10  cmsis_os.o(i.osKernelStart)
    osSystickHandler                         0x08001f15   Thumb Code    20  cmsis_os.o(i.osSystickHandler)
    osThreadCreate                           0x08001f29   Thumb Code    46  cmsis_os.o(i.osThreadCreate)
    pvPortMalloc                             0x08002295   Thumb Code   210  heap_4.o(i.pvPortMalloc)
    pxPortInitialiseStack                    0x0800236d   Thumb Code    40  port.o(i.pxPortInitialiseStack)
    uxListRemove                             0x08002399   Thumb Code    36  list.o(i.uxListRemove)
    vListInitialise                          0x080023bd   Thumb Code    22  list.o(i.vListInitialise)
    vListInitialiseItem                      0x080023d3   Thumb Code     6  list.o(i.vListInitialiseItem)
    vListInsert                              0x080023d9   Thumb Code    48  list.o(i.vListInsert)
    vListInsertEnd                           0x08002409   Thumb Code    24  list.o(i.vListInsertEnd)
    vPortEnterCritical                       0x08002421   Thumb Code    54  port.o(i.vPortEnterCritical)
    vPortExitCritical                        0x08002461   Thumb Code    34  port.o(i.vPortExitCritical)
    vPortFree                                0x08002489   Thumb Code    88  heap_4.o(i.vPortFree)
    vPortSetupTimerInterrupt                 0x080024e5   Thumb Code    26  port.o(i.vPortSetupTimerInterrupt)
    vTaskDelay                               0x08002505   Thumb Code    66  tasks.o(i.vTaskDelay)
    vTaskStartScheduler                      0x08002551   Thumb Code    86  tasks.o(i.vTaskStartScheduler)
    vTaskSuspendAll                          0x080025b9   Thumb Code    10  tasks.o(i.vTaskSuspendAll)
    vTaskSwitchContext                       0x080025c9   Thumb Code    82  tasks.o(i.vTaskSwitchContext)
    xPortStartScheduler                      0x08002625   Thumb Code   202  port.o(i.xPortStartScheduler)
    xPortSysTickHandler                      0x08002705   Thumb Code    38  port.o(i.xPortSysTickHandler)
    xTaskCreate                              0x08002731   Thumb Code    86  tasks.o(i.xTaskCreate)
    xTaskGetSchedulerState                   0x08002789   Thumb Code    22  tasks.o(i.xTaskGetSchedulerState)
    xTaskIncrementTick                       0x080027a5   Thumb Code   192  tasks.o(i.xTaskIncrementTick)
    xTaskResumeAll                           0x0800286d   Thumb Code   182  tasks.o(i.xTaskResumeAll)
    aPLLMULFactorTable                       0x08002930   Data          16  stm32f3xx_hal_rcc.o(.constdata)
    aPredivFactorTable                       0x08002940   Data          16  stm32f3xx_hal_rcc.o(.constdata)
    AHBPrescTable                            0x08002950   Data          16  system_stm32f3xx.o(.constdata)
    APBPrescTable                            0x08002960   Data           8  system_stm32f3xx.o(.constdata)
    Region$$Table$$Base                      0x08002988   Number         0  anon$$obj.o(Region$$Table)
    Region$$Table$$Limit                     0x080029a8   Number         0  anon$$obj.o(Region$$Table)
    pxCurrentTCB                             0x2000000c   Data           4  tasks.o(.data)
    uwTick                                   0x20000060   Data           4  stm32f3xx_hal.o(.data)
    SystemCoreClock                          0x20000064   Data           4  system_stm32f3xx.o(.data)
    defaultTaskHandle                        0x20000068   Data           4  freertos.o(.data)
    hspi1                                    0x20000d5c   Data         100  spi.o(.bss)
    hspi2                                    0x20000dc0   Data         100  spi.o(.bss)
    htim1                                    0x20000e24   Data          64  stm32f3xx_hal_timebase_tim.o(.bss)
    huart4                                   0x20000e64   Data         112  usart.o(.bss)
    huart1                                   0x20000ed4   Data         112  usart.o(.bss)
    huart2                                   0x20000f44   Data         112  usart.o(.bss)
    huart3                                   0x20000fb4   Data         112  usart.o(.bss)
    __initial_sp                             0x20001428   Data           0  startup_stm32f303xc.o(STACK)



==============================================================================

Memory Map of the image

  Image Entry point : 0x08000189

  Load Region LR_IROM1 (Base: 0x08000000, Size: 0x00002a14, Max: 0x00040000, ABSOLUTE)

    Execution Region ER_IROM1 (Base: 0x08000000, Size: 0x000029a8, Max: 0x00040000, ABSOLUTE)

    Base Addr    Size         Type   Attr      Idx    E Section Name        Object

    0x08000000   0x00000188   Data   RO         4289    RESET               startup_stm32f303xc.o
    0x08000188   0x00000000   Code   RO         4689  * .ARM.Collect$$$$00000000  mc_w.l(entry.o)
    0x08000188   0x00000004   Code   RO         4700    .ARM.Collect$$$$00000001  mc_w.l(entry2.o)
    0x0800018c   0x00000004   Code   RO         4703    .ARM.Collect$$$$00000004  mc_w.l(entry5.o)
    0x08000190   0x00000000   Code   RO         4705    .ARM.Collect$$$$00000008  mc_w.l(entry7b.o)
    0x08000190   0x00000000   Code   RO         4707    .ARM.Collect$$$$0000000A  mc_w.l(entry8b.o)
    0x08000190   0x00000008   Code   RO         4708    .ARM.Collect$$$$0000000B  mc_w.l(entry9a.o)
    0x08000198   0x00000000   Code   RO         4710    .ARM.Collect$$$$0000000D  mc_w.l(entry10a.o)
    0x08000198   0x00000000   Code   RO         4712    .ARM.Collect$$$$0000000F  mc_w.l(entry11a.o)
    0x08000198   0x00000004   Code   RO         4701    .ARM.Collect$$$$00002712  mc_w.l(entry2.o)
    0x0800019c   0x000000ba   Code   RO            1    .emb_text           port.o
    0x08000256   0x00000002   PAD
    0x08000258   0x00000024   Code   RO         4290    .text               startup_stm32f303xc.o
    0x0800027c   0x00000024   Code   RO         4694    .text               mc_w.l(memcpya.o)
    0x080002a0   0x00000024   Code   RO         4714    .text               mc_w.l(init.o)
    0x080002c4   0x00000002   Code   RO         4451    i.BusFault_Handler  stm32f3xx_it.o
    0x080002c6   0x00000002   Code   RO         4452    i.DebugMon_Handler  stm32f3xx_it.o
    0x080002c8   0x00000188   Code   RO         2448    i.HAL_GPIO_Init     stm32f3xx_hal_gpio.o
    0x08000450   0x0000000a   Code   RO         2452    i.HAL_GPIO_WritePin  stm32f3xx_hal_gpio.o
    0x0800045a   0x00000002   PAD
    0x0800045c   0x0000000c   Code   RO         2321    i.HAL_GetTick       stm32f3xx_hal.o
    0x08000468   0x00000010   Code   RO         2322    i.HAL_IncTick       stm32f3xx_hal.o
    0x08000478   0x00000024   Code   RO         2323    i.HAL_Init          stm32f3xx_hal.o
    0x0800049c   0x00000074   Code   RO         4545    i.HAL_InitTick      stm32f3xx_hal_timebase_tim.o
    0x08000510   0x00000070   Code   RO         4668    i.HAL_MspInit       stm32f3xx_hal_msp.o
    0x08000580   0x00000016   Code   RO         3779    i.HAL_NVIC_EnableIRQ  stm32f3xx_hal_cortex.o
    0x08000596   0x00000002   PAD
    0x08000598   0x00000040   Code   RO         3785    i.HAL_NVIC_SetPriority  stm32f3xx_hal_cortex.o
    0x080005d8   0x00000024   Code   RO         3786    i.HAL_NVIC_SetPriorityGrouping  stm32f3xx_hal_cortex.o
    0x080005fc   0x00000218   Code   RO         1842    i.HAL_RCCEx_PeriphCLKConfig  stm32f3xx_hal_rcc_ex.o
    0x08000814   0x00000002   Code   RO         3669    i.HAL_RCC_CSSCallback  stm32f3xx_hal_rcc.o
    0x08000816   0x00000002   PAD
    0x08000818   0x00000188   Code   RO         3670    i.HAL_RCC_ClockConfig  stm32f3xx_hal_rcc.o
    0x080009a0   0x00000018   Code   RO         3673    i.HAL_RCC_EnableCSS  stm32f3xx_hal_rcc.o
    0x080009b8   0x00000040   Code   RO         3674    i.HAL_RCC_GetClockConfig  stm32f3xx_hal_rcc.o
    0x080009f8   0x0000000c   Code   RO         3675    i.HAL_RCC_GetHCLKFreq  stm32f3xx_hal_rcc.o
    0x08000a04   0x00000030   Code   RO         3677    i.HAL_RCC_GetPCLK1Freq  stm32f3xx_hal_rcc.o
    0x08000a34   0x00000030   Code   RO         3678    i.HAL_RCC_GetPCLK2Freq  stm32f3xx_hal_rcc.o
    0x08000a64   0x00000064   Code   RO         3679    i.HAL_RCC_GetSysClockFreq  stm32f3xx_hal_rcc.o
    0x08000ac8   0x00000018   Code   RO         3681    i.HAL_RCC_NMI_IRQHandler  stm32f3xx_hal_rcc.o
    0x08000ae0   0x000005ac   Code   RO         3682    i.HAL_RCC_OscConfig  stm32f3xx_hal_rcc.o
    0x0800108c   0x0000008c   Code   RO         1129    i.HAL_RS485Ex_Init  stm32f3xx_hal_uart_ex.o
    0x08001118   0x000000b6   Code   RO         3974    i.HAL_SPI_Init      stm32f3xx_hal_spi.o
    0x080011ce   0x00000002   PAD
    0x080011d0   0x00000068   Code   RO         4404    i.HAL_SPI_MspInit   spi.o
    0x08001238   0x00000018   Code   RO         3788    i.HAL_SYSTICK_CLKSourceConfig  stm32f3xx_hal_cortex.o
    0x08001250   0x00000028   Code   RO         3790    i.HAL_SYSTICK_Config  stm32f3xx_hal_cortex.o
    0x08001278   0x00000002   Code   RO         3396    i.HAL_TIMEx_BreakCallback  stm32f3xx_hal_tim_ex.o
    0x0800127a   0x00000002   Code   RO         3397    i.HAL_TIMEx_CommutationCallback  stm32f3xx_hal_tim_ex.o
    0x0800127c   0x00000036   Code   RO         2561    i.HAL_TIM_Base_Init  stm32f3xx_hal_tim.o
    0x080012b2   0x00000002   Code   RO         2563    i.HAL_TIM_Base_MspInit  stm32f3xx_hal_tim.o
    0x080012b4   0x00000018   Code   RO         2566    i.HAL_TIM_Base_Start_IT  stm32f3xx_hal_tim.o
    0x080012cc   0x00000002   Code   RO         2590    i.HAL_TIM_IC_CaptureCallback  stm32f3xx_hal_tim.o
    0x080012ce   0x00000166   Code   RO         2603    i.HAL_TIM_IRQHandler  stm32f3xx_hal_tim.o
    0x08001434   0x00000002   Code   RO         2606    i.HAL_TIM_OC_DelayElapsedCallback  stm32f3xx_hal_tim.o
    0x08001436   0x00000002   Code   RO         2633    i.HAL_TIM_PWM_PulseFinishedCallback  stm32f3xx_hal_tim.o
    0x08001438   0x00000014   Code   RO         4335    i.HAL_TIM_PeriodElapsedCallback  main.o
    0x0800144c   0x00000002   Code   RO         2644    i.HAL_TIM_TriggerCallback  stm32f3xx_hal_tim.o
    0x0800144e   0x0000006a   Code   RO         1331    i.HAL_UART_Init     stm32f3xx_hal_uart.o
    0x080014b8   0x00000100   Code   RO         4609    i.HAL_UART_MspInit  usart.o
    0x080015b8   0x00000002   Code   RO         4453    i.HardFault_Handler  stm32f3xx_it.o
    0x080015ba   0x00000002   PAD
    0x080015bc   0x00000028   Code   RO         4582    i.MX_FREERTOS_Init  freertos.o
    0x080015e4   0x00000178   Code   RO         4521    i.MX_GPIO_Init      gpio.o
    0x0800175c   0x00000064   Code   RO         4405    i.MX_SPI1_Init      spi.o
    0x080017c0   0x00000064   Code   RO         4406    i.MX_SPI2_Init      spi.o
    0x08001824   0x00000050   Code   RO         4610    i.MX_UART4_Init     usart.o
    0x08001874   0x00000054   Code   RO         4611    i.MX_USART1_UART_Init  usart.o
    0x080018c8   0x00000054   Code   RO         4612    i.MX_USART2_UART_Init  usart.o
    0x0800191c   0x00000050   Code   RO         4613    i.MX_USART3_UART_Init  usart.o
    0x0800196c   0x00000002   Code   RO         4454    i.MemManage_Handler  stm32f3xx_it.o
    0x0800196e   0x00000004   Code   RO         4455    i.NMI_Handler       stm32f3xx_it.o
    0x08001972   0x00000020   Code   RO         3792    i.NVIC_SetPriority  stm32f3xx_hal_cortex.o
    0x08001992   0x00000008   Code   RO         4583    i.StartDefaultTask  freertos.o
    0x0800199a   0x00000004   Code   RO         4456    i.SysTick_Handler   stm32f3xx_it.o
    0x0800199e   0x00000080   Code   RO         4336    i.SystemClock_Config  main.o
    0x08001a1e   0x00000002   PAD
    0x08001a20   0x00000068   Code   RO         4298    i.SystemInit        system_stm32f3xx.o
    0x08001a88   0x0000000c   Code   RO         4457    i.TIM1_UP_TIM16_IRQHandler  stm32f3xx_it.o
    0x08001a94   0x000000b0   Code   RO         2645    i.TIM_Base_SetConfig  stm32f3xx_hal_tim.o
    0x08001b44   0x000000c8   Code   RO         1344    i.UART_AdvFeatureConfig  stm32f3xx_hal_uart.o
    0x08001c0c   0x0000005c   Code   RO         1345    i.UART_CheckIdleState  stm32f3xx_hal_uart.o
    0x08001c68   0x000001d4   Code   RO         1360    i.UART_SetConfig    stm32f3xx_hal_uart.o
    0x08001e3c   0x00000064   Code   RO         1362    i.UART_WaitOnFlagUntilTimeout  stm32f3xx_hal_uart.o
    0x08001ea0   0x00000002   Code   RO         4458    i.UsageFault_Handler  stm32f3xx_it.o
    0x08001ea2   0x00000002   Code   RO         4337    i._Error_Handler    main.o
    0x08001ea4   0x0000000e   Code   RO         4718    i.__scatterload_copy  mc_w.l(handlers.o)
    0x08001eb2   0x00000002   Code   RO         4719    i.__scatterload_null  mc_w.l(handlers.o)
    0x08001eb4   0x0000000e   Code   RO         4720    i.__scatterload_zeroinit  mc_w.l(handlers.o)
    0x08001ec2   0x0000002e   Code   RO         4338    i.main              main.o
    0x08001ef0   0x0000000c   Code   RO          110    i.makeFreeRtosPriority  cmsis_os.o
    0x08001efc   0x0000000e   Code   RO          112    i.osDelay           cmsis_os.o
    0x08001f0a   0x0000000a   Code   RO          115    i.osKernelStart     cmsis_os.o
    0x08001f14   0x00000014   Code   RO          148    i.osSystickHandler  cmsis_os.o
    0x08001f28   0x0000002e   Code   RO          149    i.osThreadCreate    cmsis_os.o
    0x08001f56   0x00000002   PAD
    0x08001f58   0x00000070   Code   RO          559    i.prvAddCurrentTaskToDelayedList  tasks.o
    0x08001fc8   0x000000d0   Code   RO          560    i.prvAddNewTaskToReadyList  tasks.o
    0x08002098   0x00000050   Code   RO          561    i.prvCheckTasksWaitingTermination  tasks.o
    0x080020e8   0x00000014   Code   RO          562    i.prvDeleteTCB      tasks.o
    0x080020fc   0x0000004c   Code   RO          859    i.prvHeapInit       heap_4.o
    0x08002148   0x00000028   Code   RO          563    i.prvIdleTask       tasks.o
    0x08002170   0x0000008e   Code   RO          564    i.prvInitialiseNewTask  tasks.o
    0x080021fe   0x00000002   PAD
    0x08002200   0x0000004c   Code   RO          860    i.prvInsertBlockIntoFreeList  heap_4.o
    0x0800224c   0x00000020   Code   RO          565    i.prvResetNextTaskUnblockTime  tasks.o
    0x0800226c   0x00000028   Code   RO            2    i.prvTaskExitError  port.o
    0x08002294   0x000000d8   Code   RO          861    i.pvPortMalloc      heap_4.o
    0x0800236c   0x0000002c   Code   RO            3    i.pxPortInitialiseStack  port.o
    0x08002398   0x00000024   Code   RO          513    i.uxListRemove      list.o
    0x080023bc   0x00000016   Code   RO          514    i.vListInitialise   list.o
    0x080023d2   0x00000006   Code   RO          515    i.vListInitialiseItem  list.o
    0x080023d8   0x00000030   Code   RO          516    i.vListInsert       list.o
    0x08002408   0x00000018   Code   RO          517    i.vListInsertEnd    list.o
    0x08002420   0x00000040   Code   RO            5    i.vPortEnterCritical  port.o
    0x08002460   0x00000028   Code   RO            6    i.vPortExitCritical  port.o
    0x08002488   0x0000005c   Code   RO          862    i.vPortFree         heap_4.o
    0x080024e4   0x00000020   Code   RO            7    i.vPortSetupTimerInterrupt  port.o
    0x08002504   0x0000004c   Code   RO          573    i.vTaskDelay        tasks.o
    0x08002550   0x00000068   Code   RO          584    i.vTaskStartScheduler  tasks.o
    0x080025b8   0x00000010   Code   RO          586    i.vTaskSuspendAll   tasks.o
    0x080025c8   0x0000005c   Code   RO          587    i.vTaskSwitchContext  tasks.o
    0x08002624   0x000000e0   Code   RO            9    i.xPortStartScheduler  port.o
    0x08002704   0x0000002c   Code   RO           10    i.xPortSysTickHandler  port.o
    0x08002730   0x00000056   Code   RO          589    i.xTaskCreate       tasks.o
    0x08002786   0x00000002   PAD
    0x08002788   0x0000001c   Code   RO          593    i.xTaskGetSchedulerState  tasks.o
    0x080027a4   0x000000c8   Code   RO          596    i.xTaskIncrementTick  tasks.o
    0x0800286c   0x000000c4   Code   RO          602    i.xTaskResumeAll    tasks.o
    0x08002930   0x00000020   Data   RO         3683    .constdata          stm32f3xx_hal_rcc.o
    0x08002950   0x00000010   Data   RO         4299    .constdata          system_stm32f3xx.o
    0x08002960   0x00000008   Data   RO         4300    .constdata          system_stm32f3xx.o
    0x08002968   0x00000014   Data   RO         4584    .constdata          freertos.o
    0x0800297c   0x0000000c   Data   RO         4585    .conststring        freertos.o
    0x08002988   0x00000020   Data   RO         4716    Region$$Table       anon$$obj.o


    Execution Region RW_IRAM1 (Base: 0x20000000, Size: 0x00001428, Max: 0x0000a000, ABSOLUTE)

    Base Addr    Size         Type   Attr      Idx    E Section Name        Object

    0x20000000   0x0000000c   Data   RW           11    .data               port.o
    0x2000000c   0x0000003c   Data   RW          605    .data               tasks.o
    0x20000048   0x00000018   Data   RW          867    .data               heap_4.o
    0x20000060   0x00000004   Data   RW         2329    .data               stm32f3xx_hal.o
    0x20000064   0x00000004   Data   RW         4301    .data               system_stm32f3xx.o
    0x20000068   0x00000004   Data   RW         4586    .data               freertos.o
    0x2000006c   0x000000f0   Zero   RW          604    .bss                tasks.o
    0x2000015c   0x00000c00   Zero   RW          866    .bss                heap_4.o
    0x20000d5c   0x000000c8   Zero   RW         4407    .bss                spi.o
    0x20000e24   0x00000040   Zero   RW         4548    .bss                stm32f3xx_hal_timebase_tim.o
    0x20000e64   0x000001c0   Zero   RW         4614    .bss                usart.o
    0x20001024   0x00000004   PAD
    0x20001028   0x00000400   Zero   RW         4287    STACK               startup_stm32f303xc.o


==============================================================================

Image component sizes


      Code (inc. data)   RO Data    RW Data    ZI Data      Debug   Object Name

       102          0          0          0          0      20372   cmsis_os.o
         0          0          0          0          0       8096   croutine.o
        48         10         32          4          0       1718   freertos.o
       376         26          0          0          0       1115   gpio.o
       460         24          0         24       3072       7459   heap_4.o
       136          0          0          0          0       5150   list.o
       196          6          0          0          0       6261   main.o
       674         74          0         12          0      17948   port.o
       304         68          0          0        200       2326   spi.o
        36          8        392          0       1024        816   startup_stm32f303xc.o
        64         16          0          4          0       2652   stm32f3xx_hal.o
       218         14          0          0          0      31161   stm32f3xx_hal_cortex.o
       402         28          0          0          0       2428   stm32f3xx_hal_gpio.o
       112          6          0          0          0        902   stm32f3xx_hal_msp.o
      2166         98         32          0          0       8784   stm32f3xx_hal_rcc.o
       536         14          0          0          0       1628   stm32f3xx_hal_rcc_ex.o
       182          0          0          0          0       1287   stm32f3xx_hal_spi.o
       622         30          0          0          0       7240   stm32f3xx_hal_tim.o
         4          0          0          0          0       1714   stm32f3xx_hal_tim_ex.o
       116         16          0          0         64       1504   stm32f3xx_hal_timebase_tim.o
       966         54          0          0          0       5027   stm32f3xx_hal_uart.o
       140          4          0          0          0     578287   stm32f3xx_hal_uart_ex.o
        30          6          0          0          0       3782   stm32f3xx_it.o
       104         22         24          4          0       1211   system_stm32f3xx.o
      1432        122          0         60        240      24451   tasks.o
       584        124          0          0        448       3687   usart.o

    ----------------------------------------------------------------------
     10030        770        512        108       5052     747006   Object Totals
         0          0         32          0          0          0   (incl. Generated)
        20          0          0          0          4          0   (incl. Padding)

    ----------------------------------------------------------------------

      Code (inc. data)   RO Data    RW Data    ZI Data      Debug   Library Member Name

         0          0          0          0          0          0   entry.o
         0          0          0          0          0          0   entry10a.o
         0          0          0          0          0          0   entry11a.o
         8          4          0          0          0          0   entry2.o
         4          0          0          0          0          0   entry5.o
         0          0          0          0          0          0   entry7b.o
         0          0          0          0          0          0   entry8b.o
         8          4          0          0          0          0   entry9a.o
        30          0          0          0          0          0   handlers.o
        36          8          0          0          0         68   init.o
        36          0          0          0          0         68   memcpya.o

    ----------------------------------------------------------------------
       122         16          0          0          0        136   Library Totals
         0          0          0          0          0          0   (incl. Padding)

    ----------------------------------------------------------------------

      Code (inc. data)   RO Data    RW Data    ZI Data      Debug   Library Name

       122         16          0          0          0        136   mc_w.l

    ----------------------------------------------------------------------
       122         16          0          0          0        136   Library Totals

    ----------------------------------------------------------------------

==============================================================================


      Code (inc. data)   RO Data    RW Data    ZI Data      Debug   

     10152        786        512        108       5052     737746   Grand Totals
     10152        786        512        108       5052     737746   ELF Image Totals
     10152        786        512        108          0          0   ROM Totals

==============================================================================

    Total RO  Size (Code + RO Data)                10664 (  10.41kB)
    Total RW  Size (RW Data + ZI Data)              5160 (   5.04kB)
    Total ROM Size (Code + RO Data + RW Data)      10772 (  10.52kB)

==============================================================================

